[MOE_GROUPED_STATS] layout=2x16 weight=blk.1.ffn_gate_exps.weight groups=225 dot8_groups=414 expert_runs=128 groups_per_run=1.758 ne00=2048 ne01=1408 k_halves=128 m_wgs=22 dotx8_per_mwg=52992 dotx8_wg_calls=1165824 dotx8_workitem_calls=74612736 weight_load_per_mwg=16384 weight_load_wg_calls=360448
[MOE_GROUPED_STATS] layout=2x16 weight=blk.1.ffn_up_exps.weight groups=225 dot8_groups=414 expert_runs=128 groups_per_run=1.758 ne00=2048 ne01=1408 k_halves=128 m_wgs=22 dotx8_per_mwg=52992 dotx8_wg_calls=1165824 dotx8_workitem_calls=74612736 weight_load_per_mwg=16384 weight_load_wg_calls=360448
[MOE_GROUPED_STATS] layout=2x16 weight=blk.1.ffn_down_exps.weight groups=225 dot8_groups=414 expert_runs=128 groups_per_run=1.758 ne00=1408 ne01=2048 k_halves=88 m_wgs=32 dotx8_per_mwg=36432 dotx8_wg_calls=1165824 dotx8_workitem_calls=74612736 weight_load_per_mwg=11264 weight_load_wg_calls=360448
[MOE_TILES] layout=2x16 routings=3072 (ne20=6 ne21=512 nexp=64) total_tiles=110 ideal=96 slots=3520 pad=14.6%
[MOE_GROUPED_STATS] layout=2x16 weight=blk.2.ffn_gate_exps.weight groups=220 dot8_groups=411 expert_runs=121 groups_per_run=1.818 ne00=2048 ne01=1408 k_halves=128 m_wgs=22 dotx8_per_mwg=52608 dotx8_wg_calls=1157376 dotx8_workitem_calls=74072064 weight_load_per_mwg=15488 weight_load_wg_calls=340736
[MOE_GROUPED_STATS] layout=2x16 weight=blk.2.ffn_up_exps.weight groups=220 dot8_groups=411 expert_runs=121 groups_per_run=1.818 ne00=2048 ne01=1408 k_halves=128 m_wgs=22 dotx8_per_mwg=52608 dotx8_wg_calls=1157376 dotx8_workitem_calls=74072064 weight_load_per_mwg=15488 weight_load_wg_calls=340736
[MOE_GROUPED_STATS] layout=2x16 weight=blk.2.ffn_down_exps.weight groups=220 dot8_groups=411 expert_runs=121 groups_per_run=1.818 ne00=1408 ne01=2048 k_halves=88 m_wgs=32 dotx8_per_mwg=36168 dotx8_wg_calls=1157376 dotx8_workitem_calls=74072064 weight_load_per_mwg=10648 weight_load_wg_calls=340736
[MOE_TILES] layout=2x16 routings=3072 (ne20=6 ne21=512 nexp=64) total_tiles=113 ideal=96 slots=3616 pad=17.7%
[MOE_GROUPED_STATS] layout=2x16 weight=blk.3.ffn_gate_exps.weight groups=225 dot8_groups=413 expert_runs=126 groups_per_run=1.786 ne00=2048 ne01=1408 k_halves=128 m_wgs=22 dotx8_per_mwg=52864 dotx8_wg_calls=1163008 dotx8_workitem_calls=74432512 weight_load_per_mwg=16128 weight_load_wg_calls=354816
[MOE_GROUPED_STATS] layout=2x16 weight=blk.3.ffn_up_exps.weight groups=225 dot8_groups=413 expert_runs=126 groups_per_run=1.786 ne00=2048 ne01=1408 k_halves=128 m_wgs=22 dotx8_per_mwg=52864 dotx8_wg_calls=1163008 dotx8_workitem_calls=74432512 weight_load_per_mwg=16128 weight_load_wg_calls=354816
[MOE_GROUPED_STATS] layout=2x16 weight=blk.3.ffn_down_exps.weight groups=225 dot8_groups=413 expert_runs=126 groups_per_run=1.786 ne00=1408 ne01=2048 k_halves=88 m_wgs=32 dotx8_per_mwg=36344 dotx8_wg_calls=1163008 dotx8_workitem_calls=74432512 weight_load_per_mwg=11088 weight_load_wg_calls=354816
[MOE_TILES] layout=2x16 routings=3072 (ne20=6 ne21=512 nexp=64) total_tiles=111 ideal=96 slots=3552 pad=15.6%
[MOE_GROUPED_STATS] layout=2x16 weight=blk.4.ffn_gate_exps.weight groups=222 dot8_groups=414 expert_runs=126 groups_per_run=1.762 ne00=2048 ne01=1408 k_halves=128 m_wgs=22 dotx8_per_mwg=52992 dotx8_wg_calls=1165824 dotx8_workitem_calls=74612736 weight_load_per_mwg=16128 weight_load_wg_calls=354816
[MOE_GROUPED_STATS] layout=2x16 weight=blk.4.ffn_up_exps.weight groups=222 dot8_groups=414 expert_runs=126 groups_per_run=1.762 ne00=2048 ne01=1408 k_halves=128 m_wgs=22 dotx8_per_mwg=52992 dotx8_wg_calls=1165824 dotx8_workitem_calls=74612736 weight_load_per_mwg=16128 weight_load_wg_calls=354816
[MOE_GROUPED_STATS] layout=2x16 weight=blk.4.ffn_down_exps.weight groups=222 dot8_groups=414 expert_runs=126 groups_per_run=1.762 ne00=1408 ne01=2048 k_halves=88 m_wgs=32 dotx8_per_mwg=36432 dotx8_wg_calls=1165824 dotx8_workitem_calls=74612736 weight_load_per_mwg=11088 weight_load_wg_calls=354816
[MOE_TILES] layout=2x16 routings=3072 (ne20=6 ne21=512 nexp=64) total_tiles=111 ideal=96 slots=3552 pad=15.6%
[MOE_GROUPED_STATS] layout=2x16 weight=blk.5.ffn_gate_exps.weight groups=222 dot8_groups=413 expert_runs=127 groups_per_run=1.748 ne00=2048 ne01=1408 k_halves=128 m_wgs=22 dotx8_per_mwg=52864 dotx8_wg_calls=1163008 dotx8_workitem_calls=74432512 weight_load_per_mwg=16256 weight_load_wg_calls=357632
[MOE_GROUPED_STATS] layout=2x16 weight=blk.5.ffn_up_exps.weight groups=222 dot8_groups=413 expert_runs=127 groups_per_run=1.748 ne00=2048 ne01=1408 k_halves=128 m_wgs=22 dotx8_per_mwg=52864 dotx8_wg_calls=1163008 dotx8_workitem_calls=74432512 weight_load_per_mwg=16256 weight_load_wg_calls=357632
[MOE_GROUPED_STATS] layout=2x16 weight=blk.5.ffn_down_exps.weight groups=222 dot8_groups=413 expert_runs=127 groups_per_run=1.748 ne00=1408 ne01=2048 k_halves=88 m_wgs=32 dotx8_per_mwg=36344 dotx8_wg_calls=1163008 dotx8_workitem_calls=74432512 weight_load_per_mwg=11176 weight_load_wg_calls=357632
[MOE_TILES] layout=2x16 routings=3072 (ne20=6 ne21=512 nexp=64) total_tiles=110 ideal=96 slots=3520 pad=14.6%
[MOE_GROUPED_STATS] layout=2x16 weight=blk.6.ffn_gate_exps.weight groups=219 dot8_groups=409 expert_runs=123 groups_per_run=1.780 ne00=2048 ne01=1408 k_halves=128 m_wgs=22 dotx8_per_mwg=52352 dotx8_wg_calls=1151744 dotx8_workitem_calls=73711616 weight_load_per_mwg=15744 weight_load_wg_calls=346368
[MOE_GROUPED_STATS] layout=2x16 weight=blk.6.ffn_up_exps.weight groups=219 dot8_groups=409 expert_runs=123 groups_per_run=1.780 ne00=2048 ne01=1408 k_halves=128 m_wgs=22 dotx8_per_mwg=52352 dotx8_wg_calls=1151744 dotx8_workitem_calls=73711616 weight_load_per_mwg=15744 weight_load_wg_calls=346368
[MOE_GROUPED_STATS] layout=2x16 weight=blk.6.ffn_down_exps.weight groups=219 dot8_groups=409 expert_runs=123 groups_per_run=1.780 ne00=1408 ne01=2048 k_halves=88 m_wgs=32 dotx8_per_mwg=35992 dotx8_wg_calls=1151744 dotx8_workitem_calls=73711616 weight_load_per_mwg=10824 weight_load_wg_calls=346368
[MOE_TILES] layout=2x16 routings=3072 (ne20=6 ne21=512 nexp=64) total_tiles=112 ideal=96 slots=3584 pad=16.7%
[MOE_GROUPED_STATS] layout=2x16 weight=blk.7.ffn_gate_exps.weight groups=223 dot8_groups=411 expert_runs=127 groups_per_run=1.756 ne00=2048 ne01=1408 k_halves=128 m_wgs=22 dotx8_per_mwg=52608 dotx8_wg_calls=1157376 dotx8_workitem_calls=74072064 weight_load_per_mwg=16256 weight_load_wg_calls=357632
[MOE_GROUPED_STATS] layout=2x16 weight=blk.7.ffn_up_exps.weight groups=223 dot8_groups=411 expert_runs=127 groups_per_run=1.756 ne00=2048 ne01=1408 k_halves=128 m_wgs=22 dotx8_per_mwg=52608 dotx8_wg_calls=1157376 dotx8_workitem_calls=74072064 weight_load_per_mwg=16256 weight_load_wg_calls=357632
[MOE_GROUPED_STATS] layout=2x16 weight=blk.7.ffn_down_exps.weight groups=223 dot8_groups=411 expert_runs=127 groups_per_run=1.756 ne00=1408 ne01=2048 k_halves=88 m_wgs=32 dotx8_per_mwg=36168 dotx8_wg_calls=1157376 dotx8_workitem_calls=74072064 weight_load_per_mwg=11176 weight_load_wg_calls=357632
[MOE_TILES] layout=2x16 routings=3072 (ne20=6 ne21=512 nexp=64) total_tiles=113 ideal=96 slots=3616 pad=17.7%
[MOE_GROUPED_STATS] layout=2x16 weight=blk.8.ffn_gate_exps.weight groups=226 dot8_groups=414 expert_runs=131 groups_per_run=1.725 ne00=2048 ne01=1408 k_halves=128 m_wgs=22 dotx8_per_mwg=52992 dotx8_wg_calls=1165824 dotx8_workitem_calls=74612736 weight_load_per_mwg=16768 weight_load_wg_calls=368896
[MOE_GROUPED_STATS] layout=2x16 weight=blk.8.ffn_up_exps.weight groups=226 dot8_groups=414 expert_runs=131 groups_per_run=1.725 ne00=2048 ne01=1408 k_halves=128 m_wgs=22 dotx8_per_mwg=52992 dotx8_wg_calls=1165824 dotx8_workitem_calls=74612736 weight_load_per_mwg=16768 weight_load_wg_calls=368896
[MOE_GROUPED_STATS] layout=2x16 weight=blk.8.ffn_down_exps.weight groups=226 dot8_groups=414 expert_runs=131 groups_per_run=1.725 ne00=1408 ne01=2048 k_halves=88 m_wgs=32 dotx8_per_mwg=36432 dotx8_wg_calls=1165824 dotx8_workitem_calls=74612736 weight_load_per_mwg=11528 weight_load_wg_calls=368896
[MOE_TILES] layout=2x16 routings=3072 (ne20=6 ne21=512 nexp=64) total_tiles=111 ideal=96 slots=3552 pad=15.6%
[MOE_GROUPED_STATS] layout=2x16 weight=blk.9.ffn_gate_exps.weight groups=222 dot8_groups=409 expert_runs=127 groups_per_run=1.748 ne00=2048 ne01=1408 k_halves=128 m_wgs=22 dotx8_per_mwg=52352 dotx8_wg_calls=1151744 dotx8_workitem_calls=73711616 weight_load_per_mwg=16256 weight_load_wg_calls=357632
[MOE_GROUPED_STATS] layout=2x16 weight=blk.9.ffn_up_exps.weight groups=222 dot8_groups=409 expert_runs=127 groups_per_run=1.748 ne00=2048 ne01=1408 k_halves=128 m_wgs=22 dotx8_per_mwg=52352 dotx8_wg_calls=1151744 dotx8_workitem_calls=73711616 weight_load_per_mwg=16256 weight_load_wg_calls=357632
[MOE_GROUPED_STATS] layout=2x16 weight=blk.9.ffn_down_exps.weight groups=222 dot8_groups=409 expert_runs=127 groups_per_run=1.748 ne00=1408 ne01=2048 k_halves=88 m_wgs=32 dotx8_per_mwg=35992 dotx8_wg_calls=1151744 dotx8_workitem_calls=73711616 weight_load_per_mwg=11176 weight_load_wg_calls=357632
[MOE_TILES] layout=2x16 routings=3072 (ne20=6 ne21=512 nexp=64) total_tiles=113 ideal=96 slots=3616 pad=17.7%
[MOE_GROUPED_STATS] layout=2x16 weight=blk.10.ffn_gate_exps.weight groups=226 dot8_groups=415 expert_runs=131 groups_per_run=1.725 ne00=2048 ne01=1408 k_halves=128 m_wgs=22 dotx8_per_mwg=53120 dotx8_wg_calls=1168640 dotx8_workitem_calls=74792960 weight_load_per_mwg=16768 weight_load_wg_calls=368896
[MOE_GROUPED_STATS] layout=2x16 weight=blk.10.ffn_up_exps.weight groups=226 dot8_groups=415 expert_runs=131 groups_per_run=1.725 ne00=2048 ne01=1408 k_halves=128 m_wgs=22 dotx8_per_mwg=53120 dotx8_wg_calls=1168640 dotx8_workitem_calls=74792960 weight_load_per_mwg=16768 weight_load_wg_calls=368896
[MOE_GROUPED_STATS] layout=2x16 weight=blk.10.ffn_down_exps.weight groups=226 dot8_groups=415 expert_runs=131 groups_per_run=1.725 ne00=1408 ne01=2048 k_halves=88 m_wgs=32 dotx8_per_mwg=36520 dotx8_wg_calls=1168640 dotx8_workitem_calls=74792960 weight_load_per_mwg=11528 weight_load_wg_calls=368896
[MOE_TILES] layout=2x16 routings=3072 (ne20=6 ne21=512 nexp=64) total_tiles=110 ideal=96 slots=3520 pad=14.6%
[MOE_GROUPED_STATS] layout=2x16 weight=blk.11.ffn_gate_exps.weight groups=220 dot8_groups=412 expert_runs=125 groups_per_run=1.760 ne00=2048 ne01=1408 k_halves=128 m_wgs=22 dotx8_per_mwg=52736 dotx8_wg_calls=1160192 dotx8_workitem_calls=74252288 weight_load_per_mwg=16000 weight_load_wg_calls=352000
[MOE_GROUPED_STATS] layout=2x16 weight=blk.11.ffn_up_exps.weight groups=220 dot8_groups=412 expert_runs=125 groups_per_run=1.760 ne00=2048 ne01=1408 k_halves=128 m_wgs=22 dotx8_per_mwg=52736 dotx8_wg_calls=1160192 dotx8_workitem_calls=74252288 weight_load_per_mwg=16000 weight_load_wg_calls=352000
[MOE_GROUPED_STATS] layout=2x16 weight=blk.11.ffn_down_exps.weight groups=220 dot8_groups=412 expert_runs=125 groups_per_run=1.760 ne00=1408 ne01=2048 k_halves=88 m_wgs=32 dotx8_per_mwg=36256 dotx8_wg_calls=1160192 dotx8_workitem_calls=74252288 weight_load_per_mwg=11000 weight_load_wg_calls=352000
[MOE_TILES] layout=2x16 routings=3072 (ne20=6 ne21=512 nexp=64) total_tiles=111 ideal=96 slots=3552 pad=15.6%
[MOE_GROUPED_STATS] layout=2x16 weight=blk.12.ffn_gate_exps.weight groups=221 dot8_groups=411 expert_runs=124 groups_per_run=1.782 ne00=2048 ne01=1408 k_halves=128 m_wgs=22 dotx8_per_mwg=52608 dotx8_wg_calls=1157376 dotx8_workitem_calls=74072064 weight_load_per_mwg=15872 weight_load_wg_calls=349184
[MOE_GROUPED_STATS] layout=2x16 weight=blk.12.ffn_up_exps.weight groups=221 dot8_groups=411 expert_runs=124 groups_per_run=1.782 ne00=2048 ne01=1408 k_halves=128 m_wgs=22 dotx8_per_mwg=52608 dotx8_wg_calls=1157376 dotx8_workitem_calls=74072064 weight_load_per_mwg=15872 weight_load_wg_calls=349184
[MOE_GROUPED_STATS] layout=2x16 weight=blk.12.ffn_down_exps.weight groups=221 dot8_groups=411 expert_runs=124 groups_per_run=1.782 ne00=1408 ne01=2048 k_halves=88 m_wgs=32 dotx8_per_mwg=36168 dotx8_wg_calls=1157376 dotx8_workitem_calls=74072064 weight_load_per_mwg=10912 weight_load_wg_calls=349184
[MOE_TILES] layout=2x16 routings=3072 (ne20=6 ne21=512 nexp=64) total_tiles=112 ideal=96 slots=3584 pad=16.7%
[MOE_GROUPED_STATS] layout=2x16 weight=blk.13.ffn_gate_exps.weight groups=224 dot8_groups=412 expert_runs=129 groups_per_run=1.736 ne00=2048 ne01=1408 k_halves=128 m_wgs=22 dotx8_per_mwg=52736 dotx8_wg_calls=1160192 dotx8_workitem_calls=74252288 weight_load_per_mwg=16512 weight_load_wg_calls=363264
[MOE_GROUPED_STATS] layout=2x16 weight=blk.13.ffn_up_exps.weight groups=224 dot8_groups=412 expert_runs=129 groups_per_run=1.736 ne00=2048 ne01=1408 k_halves=128 m_wgs=22 dotx8_per_mwg=52736 dotx8_wg_calls=1160192 dotx8_workitem_calls=74252288 weight_load_per_mwg=16512 weight_load_wg_calls=363264
[MOE_GROUPED_STATS] layout=2x16 weight=blk.13.ffn_down_exps.weight groups=224 dot8_groups=412 expert_runs=129 groups_per_run=1.736 ne00=1408 ne01=2048 k_halves=88 m_wgs=32 dotx8_per_mwg=36256 dotx8_wg_calls=1160192 dotx8_workitem_calls=74252288 weight_load_per_mwg=11352 weight_load_wg_calls=363264
[MOE_TILES] layout=2x16 routings=3072 (ne20=6 ne21=512 nexp=64) total_tiles=113 ideal=96 slots=3616 pad=17.7%
[MOE_GROUPED_STATS] layout=2x16 weight=blk.14.ffn_gate_exps.weight groups=225 dot8_groups=417 expert_runs=128 groups_per_run=1.758 ne00=2048 ne01=1408 k_halves=128 m_wgs=22 dotx8_per_mwg=53376 dotx8_wg_calls=1174272 dotx8_workitem_calls=75153408 weight_load_per_mwg=16384 weight_load_wg_calls=360448
[MOE_GROUPED_STATS] layout=2x16 weight=blk.14.ffn_up_exps.weight groups=225 dot8_groups=417 expert_runs=128 groups_per_run=1.758 ne00=2048 ne01=1408 k_halves=128 m_wgs=22 dotx8_per_mwg=53376 dotx8_wg_calls=1174272 dotx8_workitem_calls=75153408 weight_load_per_mwg=16384 weight_load_wg_calls=360448
[MOE_GROUPED_STATS] layout=2x16 weight=blk.14.ffn_down_exps.weight groups=225 dot8_groups=417 expert_runs=128 groups_per_run=1.758 ne00=1408 ne01=2048 k_halves=88 m_wgs=32 dotx8_per_mwg=36696 dotx8_wg_calls=1174272 dotx8_workitem_calls=75153408 weight_load_per_mwg=11264 weight_load_wg_calls=360448
[MOE_TILES] layout=2x16 routings=3072 (ne20=6 ne21=512 nexp=64) total_tiles=111 ideal=96 slots=3552 pad=15.6%
[MOE_GROUPED_STATS] layout=2x16 weight=blk.15.ffn_gate_exps.weight groups=221 dot8_groups=414 expert_runs=124 groups_per_run=1.782 ne00=2048 ne01=1408 k_halves=128 m_wgs=22 dotx8_per_mwg=52992 dotx8_wg_calls=1165824 dotx8_workitem_calls=74612736 weight_load_per_mwg=15872 weight_load_wg_calls=349184
[MOE_GROUPED_STATS] layout=2x16 weight=blk.15.ffn_up_exps.weight groups=221 dot8_groups=414 expert_runs=124 groups_per_run=1.782 ne00=2048 ne01=1408 k_halves=128 m_wgs=22 dotx8_per_mwg=52992 dotx8_wg_calls=1165824 dotx8_workitem_calls=74612736 weight_load_per_mwg=15872 weight_load_wg_calls=349184
[MOE_GROUPED_STATS] layout=2x16 weight=blk.15.ffn_down_exps.weight groups=221 dot8_groups=414 expert_runs=124 groups_per_run=1.782 ne00=1408 ne01=2048 k_halves=88 m_wgs=32 dotx8_per_mwg=36432 dotx8_wg_calls=1165824 dotx8_workitem_calls=74612736 weight_load_per_mwg=10912 weight_load_wg_calls=349184
[MOE_TILES] layout=2x16 routings=3072 (ne20=6 ne21=512 nexp=64) total_tiles=110 ideal=96 slots=3520 pad=14.6%
[MOE_GROUPED_STATS] layout=2x16 weight=blk.16.ffn_gate_exps.weight groups=219 dot8_groups=409 expert_runs=125 groups_per_run=1.752 ne00=2048 ne01=1408 k_halves=128 m_wgs=22 dotx8_per_mwg=52352 dotx8_wg_calls=1151744 dotx8_workitem_calls=73711616 weight_load_per_mwg=16000 weight_load_wg_calls=352000
[MOE_GROUPED_STATS] layout=2x16 weight=blk.16.ffn_up_exps.weight groups=219 dot8_groups=409 expert_runs=125 groups_per_run=1.752 ne00=2048 ne01=1408 k_halves=128 m_wgs=22 dotx8_per_mwg=52352 dotx8_wg_calls=1151744 dotx8_workitem_calls=73711616 weight_load_per_mwg=16000 weight_load_wg_calls=352000
[MOE_GROUPED_STATS] layout=2x16 weight=blk.16.ffn_down_exps.weight groups=219 dot8_groups=409 expert_runs=125 groups_per_run=1.752 ne00=1408 ne01=2048 k_halves=88 m_wgs=32 dotx8_per_mwg=35992 dotx8_wg_calls=1151744 dotx8_workitem_calls=73711616 weight_load_per_mwg=11000 weight_load_wg_calls=352000
[MOE_TILES] layout=2x16 routings=3072 (ne20=6 ne21=512 nexp=64) total_tiles=111 ideal=96 slots=3552 pad=15.6%
[MOE_GROUPED_STATS] layout=2x16 weight=blk.17.ffn_gate_exps.weight groups=221 dot8_groups=412 expert_runs=131 groups_per_run=1.687 ne00=2048 ne01=1408 k_halves=128 m_wgs=22 dotx8_per_mwg=52736 dotx8_wg_calls=1160192 dotx8_workitem_calls=74252288 weight_load_per_mwg=16768 weight_load_wg_calls=368896
[MOE_GROUPED_STATS] layout=2x16 weight=blk.17.ffn_up_exps.weight groups=221 dot8_groups=412 expert_runs=131 groups_per_run=1.687 ne00=2048 ne01=1408 k_halves=128 m_wgs=22 dotx8_per_mwg=52736 dotx8_wg_calls=1160192 dotx8_workitem_calls=74252288 weight_load_per_mwg=16768 weight_load_wg_calls=368896
[MOE_GROUPED_STATS] layout=2x16 weight=blk.17.ffn_down_exps.weight groups=221 dot8_groups=412 expert_runs=131 groups_per_run=1.687 ne00=1408 ne01=2048 k_halves=88 m_wgs=32 dotx8_per_mwg=36256 dotx8_wg_calls=1160192 dotx8_workitem_calls=74252288 weight_load_per_mwg=11528 weight_load_wg_calls=368896
[MOE_TILES] layout=2x16 routings=3072 (ne20=6 ne21=512 nexp=64) total_tiles=111 ideal=96 slots=3552 pad=15.6%
[MOE_GROUPED_STATS] layout=2x16 weight=blk.18.ffn_gate_exps.weight groups=222 dot8_groups=412 expert_runs=131 groups_per_run=1.695 ne00=2048 ne01=1408 k_halves=128 m_wgs=22 dotx8_per_mwg=52736 dotx8_wg_calls=1160192 dotx8_workitem_calls=74252288 weight_load_per_mwg=16768 weight_load_wg_calls=368896
[MOE_GROUPED_STATS] layout=2x16 weight=blk.18.ffn_up_exps.weight groups=222 dot8_groups=412 expert_runs=131 groups_per_run=1.695 ne00=2048 ne01=1408 k_halves=128 m_wgs=22 dotx8_per_mwg=52736 dotx8_wg_calls=1160192 dotx8_workitem_calls=74252288 weight_load_per_mwg=16768 weight_load_wg_calls=368896
[MOE_GROUPED_STATS] layout=2x16 weight=blk.18.ffn_down_exps.weight groups=222 dot8_groups=412 expert_runs=131 groups_per_run=1.695 ne00=1408 ne01=2048 k_halves=88 m_wgs=32 dotx8_per_mwg=36256 dotx8_wg_calls=1160192 dotx8_workitem_calls=74252288 weight_load_per_mwg=11528 weight_load_wg_calls=368896
[MOE_TILES] layout=2x16 routings=3072 (ne20=6 ne21=512 nexp=64) total_tiles=111 ideal=96 slots=3552 pad=15.6%
[MOE_GROUPED_STATS] layout=2x16 weight=blk.19.ffn_gate_exps.weight groups=222 dot8_groups=411 expert_runs=126 groups_per_run=1.762 ne00=2048 ne01=1408 k_halves=128 m_wgs=22 dotx8_per_mwg=52608 dotx8_wg_calls=1157376 dotx8_workitem_calls=74072064 weight_load_per_mwg=16128 weight_load_wg_calls=354816
[MOE_GROUPED_STATS] layout=2x16 weight=blk.19.ffn_up_exps.weight groups=222 dot8_groups=411 expert_runs=126 groups_per_run=1.762 ne00=2048 ne01=1408 k_halves=128 m_wgs=22 dotx8_per_mwg=52608 dotx8_wg_calls=1157376 dotx8_workitem_calls=74072064 weight_load_per_mwg=16128 weight_load_wg_calls=354816
[MOE_GROUPED_STATS] layout=2x16 weight=blk.19.ffn_down_exps.weight groups=222 dot8_groups=411 expert_runs=126 groups_per_run=1.762 ne00=1408 ne01=2048 k_halves=88 m_wgs=32 dotx8_per_mwg=36168 dotx8_wg_calls=1157376 dotx8_workitem_calls=74072064 weight_load_per_mwg=11088 weight_load_wg_calls=354816
[MOE_TILES] layout=2x16 routings=3072 (ne20=6 ne21=512 nexp=64) total_tiles=111 ideal=96 slots=3552 pad=15.6%
[MOE_GROUPED_STATS] layout=2x16 weight=blk.20.ffn_gate_exps.weight groups=221 dot8_groups=415 expert_runs=127 groups_per_run=1.740 ne00=2048 ne01=1408 k_halves=128 m_wgs=22 dotx8_per_mwg=53120 dotx8_wg_calls=1168640 dotx8_workitem_calls=74792960 weight_load_per_mwg=16256 weight_load_wg_calls=357632
[MOE_GROUPED_STATS] layout=2x16 weight=blk.20.ffn_up_exps.weight groups=221 dot8_groups=415 expert_runs=127 groups_per_run=1.740 ne00=2048 ne01=1408 k_halves=128 m_wgs=22 dotx8_per_mwg=53120 dotx8_wg_calls=1168640 dotx8_workitem_calls=74792960 weight_load_per_mwg=16256 weight_load_wg_calls=357632
[MOE_GROUPED_STATS] layout=2x16 weight=blk.20.ffn_down_exps.weight groups=221 dot8_groups=415 expert_runs=127 groups_per_run=1.740 ne00=1408 ne01=2048 k_halves=88 m_wgs=32 dotx8_per_mwg=36520 dotx8_wg_calls=1168640 dotx8_workitem_calls=74792960 weight_load_per_mwg=11176 weight_load_wg_calls=357632
[MOE_TILES] layout=2x16 routings=3072 (ne20=6 ne21=512 nexp=64) total_tiles=111 ideal=96 slots=3552 pad=15.6%
[MOE_GROUPED_STATS] layout=2x16 weight=blk.21.ffn_gate_exps.weight groups=222 dot8_groups=411 expert_runs=125 groups_per_run=1.776 ne00=2048 ne01=1408 k_halves=128 m_wgs=22 dotx8_per_mwg=52608 dotx8_wg_calls=1157376 dotx8_workitem_calls=74072064 weight_load_per_mwg=16000 weight_load_wg_calls=352000
[MOE_GROUPED_STATS] layout=2x16 weight=blk.21.ffn_up_exps.weight groups=222 dot8_groups=411 expert_runs=125 groups_per_run=1.776 ne00=2048 ne01=1408 k_halves=128 m_wgs=22 dotx8_per_mwg=52608 dotx8_wg_calls=1157376 dotx8_workitem_calls=74072064 weight_load_per_mwg=16000 weight_load_wg_calls=352000
[MOE_GROUPED_STATS] layout=2x16 weight=blk.21.ffn_down_exps.weight groups=222 dot8_groups=411 expert_runs=125 groups_per_run=1.776 ne00=1408 ne01=2048 k_halves=88 m_wgs=32 dotx8_per_mwg=36168 dotx8_wg_calls=1157376 dotx8_workitem_calls=74072064 weight_load_per_mwg=11000 weight_load_wg_calls=352000
[MOE_TILES] layout=2x16 routings=3072 (ne20=6 ne21=512 nexp=64) total_tiles=112 ideal=96 slots=3584 pad=16.7%
[MOE_GROUPED_STATS] layout=2x16 weight=blk.22.ffn_gate_exps.weight groups=223 dot8_groups=413 expert_runs=127 groups_per_run=1.756 ne00=2048 ne01=1408 k_halves=128 m_wgs=22 dotx8_per_mwg=52864 dotx8_wg_calls=1163008 dotx8_workitem_calls=74432512 weight_load_per_mwg=16256 weight_load_wg_calls=357632
[MOE_GROUPED_STATS] layout=2x16 weight=blk.22.ffn_up_exps.weight groups=223 dot8_groups=413 expert_runs=127 groups_per_run=1.756 ne00=2048 ne01=1408 k_halves=128 m_wgs=22 dotx8_per_mwg=52864 dotx8_wg_calls=1163008 dotx8_workitem_calls=74432512 weight_load_per_mwg=16256 weight_load_wg_calls=357632
[MOE_GROUPED_STATS] layout=2x16 weight=blk.22.ffn_down_exps.weight groups=223 dot8_groups=413 expert_runs=127 groups_per_run=1.756 ne00=1408 ne01=2048 k_halves=88 m_wgs=32 dotx8_per_mwg=36344 dotx8_wg_calls=1163008 dotx8_workitem_calls=74432512 weight_load_per_mwg=11176 weight_load_wg_calls=357632
[MOE_TILES] layout=2x16 routings=3072 (ne20=6 ne21=512 nexp=64) total_tiles=111 ideal=96 slots=3552 pad=15.6%
[MOE_GROUPED_STATS] layout=2x16 weight=blk.23.ffn_gate_exps.weight groups=222 dot8_groups=410 expert_runs=129 groups_per_run=1.721 ne00=2048 ne01=1408 k_halves=128 m_wgs=22 dotx8_per_mwg=52480 dotx8_wg_calls=1154560 dotx8_workitem_calls=73891840 weight_load_per_mwg=16512 weight_load_wg_calls=363264
[MOE_GROUPED_STATS] layout=2x16 weight=blk.23.ffn_up_exps.weight groups=222 dot8_groups=410 expert_runs=129 groups_per_run=1.721 ne00=2048 ne01=1408 k_halves=128 m_wgs=22 dotx8_per_mwg=52480 dotx8_wg_calls=1154560 dotx8_workitem_calls=73891840 weight_load_per_mwg=16512 weight_load_wg_calls=363264
[MOE_GROUPED_STATS] layout=2x16 weight=blk.23.ffn_down_exps.weight groups=222 dot8_groups=410 expert_runs=129 groups_per_run=1.721 ne00=1408 ne01=2048 k_halves=88 m_wgs=32 dotx8_per_mwg=36080 dotx8_wg_calls=1154560 dotx8_workitem_calls=73891840 weight_load_per_mwg=11352 weight_load_wg_calls=363264
[MOE_TILES] layout=2x16 routings=3072 (ne20=6 ne21=512 nexp=64) total_tiles=114 ideal=96 slots=3648 pad=18.8%
[MOE_GROUPED_STATS] layout=2x16 weight=blk.24.ffn_gate_exps.weight groups=228 dot8_groups=415 expert_runs=130 groups_per_run=1.754 ne00=2048 ne01=1408 k_halves=128 m_wgs=22 dotx8_per_mwg=53120 dotx8_wg_calls=1168640 dotx8_workitem_calls=74792960 weight_load_per_mwg=16640 weight_load_wg_calls=366080
[MOE_GROUPED_STATS] layout=2x16 weight=blk.24.ffn_up_exps.weight groups=228 dot8_groups=415 expert_runs=130 groups_per_run=1.754 ne00=2048 ne01=1408 k_halves=128 m_wgs=22 dotx8_per_mwg=53120 dotx8_wg_calls=1168640 dotx8_workitem_calls=74792960 weight_load_per_mwg=16640 weight_load_wg_calls=366080
[MOE_GROUPED_STATS] layout=2x16 weight=blk.24.ffn_down_exps.weight groups=228 dot8_groups=415 expert_runs=130 groups_per_run=1.754 ne00=1408 ne01=2048 k_halves=88 m_wgs=32 dotx8_per_mwg=36520 dotx8_wg_calls=1168640 dotx8_workitem_calls=74792960 weight_load_per_mwg=11440 weight_load_wg_calls=366080
[MOE_TILES] layout=2x16 routings=3072 (ne20=6 ne21=512 nexp=64) total_tiles=110 ideal=96 slots=3520 pad=14.6%
[MOE_GROUPED_STATS] layout=2x16 weight=blk.25.ffn_gate_exps.weight groups=219 dot8_groups=412 expert_runs=127 groups_per_run=1.724 ne00=2048 ne01=1408 k_halves=128 m_wgs=22 dotx8_per_mwg=52736 dotx8_wg_calls=1160192 dotx8_workitem_calls=74252288 weight_load_per_mwg=16256 weight_load_wg_calls=357632
[MOE_GROUPED_STATS] layout=2x16 weight=blk.25.ffn_up_exps.weight groups=219 dot8_groups=412 expert_runs=127 groups_per_run=1.724 ne00=2048 ne01=1408 k_halves=128 m_wgs=22 dotx8_per_mwg=52736 dotx8_wg_calls=1160192 dotx8_workitem_calls=74252288 weight_load_per_mwg=16256 weight_load_wg_calls=357632
[MOE_GROUPED_STATS] layout=2x16 weight=blk.25.ffn_down_exps.weight groups=219 dot8_groups=412 expert_runs=127 groups_per_run=1.724 ne00=1408 ne01=2048 k_halves=88 m_wgs=32 dotx8_per_mwg=36256 dotx8_wg_calls=1160192 dotx8_workitem_calls=74252288 weight_load_per_mwg=11176 weight_load_wg_calls=357632
[MOE_TILES] layout=2x16 routings=774 (ne20=6 ne21=129 nexp=64) total_tiles=41 ideal=25 slots=1312 pad=69.5%
[MOE_GROUPED_STATS] layout=2x16 weight=blk.1.ffn_gate_exps.weight groups=81 dot8_groups=126 expert_runs=64 groups_per_run=1.266 ne00=2048 ne01=1408 k_halves=128 m_wgs=22 dotx8_per_mwg=16128 dotx8_wg_calls=354816 dotx8_workitem_calls=22708224 weight_load_per_mwg=8192 weight_load_wg_calls=180224
[MOE_GROUPED_STATS] layout=2x16 weight=blk.1.ffn_up_exps.weight groups=81 dot8_groups=126 expert_runs=64 groups_per_run=1.266 ne00=2048 ne01=1408 k_halves=128 m_wgs=22 dotx8_per_mwg=16128 dotx8_wg_calls=354816 dotx8_workitem_calls=22708224 weight_load_per_mwg=8192 weight_load_wg_calls=180224
[MOE_GROUPED_STATS] layout=2x16 weight=blk.1.ffn_down_exps.weight groups=81 dot8_groups=126 expert_runs=64 groups_per_run=1.266 ne00=1408 ne01=2048 k_halves=88 m_wgs=32 dotx8_per_mwg=11088 dotx8_wg_calls=354816 dotx8_workitem_calls=22708224 weight_load_per_mwg=5632 weight_load_wg_calls=180224
[MOE_TILES] layout=2x16 routings=774 (ne20=6 ne21=129 nexp=64) total_tiles=39 ideal=25 slots=1248 pad=61.2%
[MOE_GROUPED_STATS] layout=2x16 weight=blk.2.ffn_gate_exps.weight groups=78 dot8_groups=121 expert_runs=65 groups_per_run=1.200 ne00=2048 ne01=1408 k_halves=128 m_wgs=22 dotx8_per_mwg=15488 dotx8_wg_calls=340736 dotx8_workitem_calls=21807104 weight_load_per_mwg=8320 weight_load_wg_calls=183040
[MOE_GROUPED_STATS] layout=2x16 weight=blk.2.ffn_up_exps.weight groups=78 dot8_groups=121 expert_runs=65 groups_per_run=1.200 ne00=2048 ne01=1408 k_halves=128 m_wgs=22 dotx8_per_mwg=15488 dotx8_wg_calls=340736 dotx8_workitem_calls=21807104 weight_load_per_mwg=8320 weight_load_wg_calls=183040
[MOE_GROUPED_STATS] layout=2x16 weight=blk.2.ffn_down_exps.weight groups=78 dot8_groups=121 expert_runs=65 groups_per_run=1.200 ne00=1408 ne01=2048 k_halves=88 m_wgs=32 dotx8_per_mwg=10648 dotx8_wg_calls=340736 dotx8_workitem_calls=21807104 weight_load_per_mwg=5720 weight_load_wg_calls=183040
[MOE_TILES] layout=2x16 routings=774 (ne20=6 ne21=129 nexp=64) total_tiles=40 ideal=25 slots=1280 pad=65.4%
[MOE_GROUPED_STATS] layout=2x16 weight=blk.3.ffn_gate_exps.weight groups=79 dot8_groups=124 expert_runs=64 groups_per_run=1.234 ne00=2048 ne01=1408 k_halves=128 m_wgs=22 dotx8_per_mwg=15872 dotx8_wg_calls=349184 dotx8_workitem_calls=22347776 weight_load_per_mwg=8192 weight_load_wg_calls=180224
[MOE_GROUPED_STATS] layout=2x16 weight=blk.3.ffn_up_exps.weight groups=79 dot8_groups=124 expert_runs=64 groups_per_run=1.234 ne00=2048 ne01=1408 k_halves=128 m_wgs=22 dotx8_per_mwg=15872 dotx8_wg_calls=349184 dotx8_workitem_calls=22347776 weight_load_per_mwg=8192 weight_load_wg_calls=180224
[MOE_GROUPED_STATS] layout=2x16 weight=blk.3.ffn_down_exps.weight groups=79 dot8_groups=124 expert_runs=64 groups_per_run=1.234 ne00=1408 ne01=2048 k_halves=88 m_wgs=32 dotx8_per_mwg=10912 dotx8_wg_calls=349184 dotx8_workitem_calls=22347776 weight_load_per_mwg=5632 weight_load_wg_calls=180224
[MOE_TILES] layout=2x16 routings=774 (ne20=6 ne21=129 nexp=64) total_tiles=39 ideal=25 slots=1248 pad=61.2%
[MOE_GROUPED_STATS] layout=2x16 weight=blk.4.ffn_gate_exps.weight groups=78 dot8_groups=122 expert_runs=65 groups_per_run=1.200 ne00=2048 ne01=1408 k_halves=128 m_wgs=22 dotx8_per_mwg=15616 dotx8_wg_calls=343552 dotx8_workitem_calls=21987328 weight_load_per_mwg=8320 weight_load_wg_calls=183040
[MOE_GROUPED_STATS] layout=2x16 weight=blk.4.ffn_up_exps.weight groups=78 dot8_groups=122 expert_runs=65 groups_per_run=1.200 ne00=2048 ne01=1408 k_halves=128 m_wgs=22 dotx8_per_mwg=15616 dotx8_wg_calls=343552 dotx8_workitem_calls=21987328 weight_load_per_mwg=8320 weight_load_wg_calls=183040
[MOE_GROUPED_STATS] layout=2x16 weight=blk.4.ffn_down_exps.weight groups=78 dot8_groups=122 expert_runs=65 groups_per_run=1.200 ne00=1408 ne01=2048 k_halves=88 m_wgs=32 dotx8_per_mwg=10736 dotx8_wg_calls=343552 dotx8_workitem_calls=21987328 weight_load_per_mwg=5720 weight_load_wg_calls=183040
[MOE_TILES] layout=2x16 routings=774 (ne20=6 ne21=129 nexp=64) total_tiles=41 ideal=25 slots=1312 pad=69.5%
[MOE_GROUPED_STATS] layout=2x16 weight=blk.5.ffn_gate_exps.weight groups=82 dot8_groups=125 expert_runs=66 groups_per_run=1.242 ne00=2048 ne01=1408 k_halves=128 m_wgs=22 dotx8_per_mwg=16000 dotx8_wg_calls=352000 dotx8_workitem_calls=22528000 weight_load_per_mwg=8448 weight_load_wg_calls=185856
[MOE_GROUPED_STATS] layout=2x16 weight=blk.5.ffn_up_exps.weight groups=82 dot8_groups=125 expert_runs=66 groups_per_run=1.242 ne00=2048 ne01=1408 k_halves=128 m_wgs=22 dotx8_per_mwg=16000 dotx8_wg_calls=352000 dotx8_workitem_calls=22528000 weight_load_per_mwg=8448 weight_load_wg_calls=185856
[MOE_GROUPED_STATS] layout=2x16 weight=blk.5.ffn_down_exps.weight groups=82 dot8_groups=125 expert_runs=66 groups_per_run=1.242 ne00=1408 ne01=2048 k_halves=88 m_wgs=32 dotx8_per_mwg=11000 dotx8_wg_calls=352000 dotx8_workitem_calls=22528000 weight_load_per_mwg=5808 weight_load_wg_calls=185856
[MOE_TILES] layout=2x16 routings=774 (ne20=6 ne21=129 nexp=64) total_tiles=40 ideal=25 slots=1280 pad=65.4%
[MOE_GROUPED_STATS] layout=2x16 weight=blk.6.ffn_gate_exps.weight groups=80 dot8_groups=125 expert_runs=65 groups_per_run=1.231 ne00=2048 ne01=1408 k_halves=128 m_wgs=22 dotx8_per_mwg=16000 dotx8_wg_calls=352000 dotx8_workitem_calls=22528000 weight_load_per_mwg=8320 weight_load_wg_calls=183040
[MOE_GROUPED_STATS] layout=2x16 weight=blk.6.ffn_up_exps.weight groups=80 dot8_groups=125 expert_runs=65 groups_per_run=1.231 ne00=2048 ne01=1408 k_halves=128 m_wgs=22 dotx8_per_mwg=16000 dotx8_wg_calls=352000 dotx8_workitem_calls=22528000 weight_load_per_mwg=8320 weight_load_wg_calls=183040
[MOE_GROUPED_STATS] layout=2x16 weight=blk.6.ffn_down_exps.weight groups=80 dot8_groups=125 expert_runs=65 groups_per_run=1.231 ne00=1408 ne01=2048 k_halves=88 m_wgs=32 dotx8_per_mwg=11000 dotx8_wg_calls=352000 dotx8_workitem_calls=22528000 weight_load_per_mwg=5720 weight_load_wg_calls=183040
[MOE_TILES] layout=2x16 routings=774 (ne20=6 ne21=129 nexp=64) total_tiles=41 ideal=25 slots=1312 pad=69.5%
[MOE_GROUPED_STATS] layout=2x16 weight=blk.7.ffn_gate_exps.weight groups=81 dot8_groups=125 expert_runs=60 groups_per_run=1.350 ne00=2048 ne01=1408 k_halves=128 m_wgs=22 dotx8_per_mwg=16000 dotx8_wg_calls=352000 dotx8_workitem_calls=22528000 weight_load_per_mwg=7680 weight_load_wg_calls=168960
[MOE_GROUPED_STATS] layout=2x16 weight=blk.7.ffn_up_exps.weight groups=81 dot8_groups=125 expert_runs=60 groups_per_run=1.350 ne00=2048 ne01=1408 k_halves=128 m_wgs=22 dotx8_per_mwg=16000 dotx8_wg_calls=352000 dotx8_workitem_calls=22528000 weight_load_per_mwg=7680 weight_load_wg_calls=168960
[MOE_GROUPED_STATS] layout=2x16 weight=blk.7.ffn_down_exps.weight groups=81 dot8_groups=125 expert_runs=60 groups_per_run=1.350 ne00=1408 ne01=2048 k_halves=88 m_wgs=32 dotx8_per_mwg=11000 dotx8_wg_calls=352000 dotx8_workitem_calls=22528000 weight_load_per_mwg=5280 weight_load_wg_calls=168960
[MOE_TILES] layout=2x16 routings=774 (ne20=6 ne21=129 nexp=64) total_tiles=42 ideal=25 slots=1344 pad=73.6%
[MOE_GROUPED_STATS] layout=2x16 weight=blk.8.ffn_gate_exps.weight groups=83 dot8_groups=127 expert_runs=60 groups_per_run=1.383 ne00=2048 ne01=1408 k_halves=128 m_wgs=22 dotx8_per_mwg=16256 dotx8_wg_calls=357632 dotx8_workitem_calls=22888448 weight_load_per_mwg=7680 weight_load_wg_calls=168960
[MOE_GROUPED_STATS] layout=2x16 weight=blk.8.ffn_up_exps.weight groups=83 dot8_groups=127 expert_runs=60 groups_per_run=1.383 ne00=2048 ne01=1408 k_halves=128 m_wgs=22 dotx8_per_mwg=16256 dotx8_wg_calls=357632 dotx8_workitem_calls=22888448 weight_load_per_mwg=7680 weight_load_wg_calls=168960
[MOE_GROUPED_STATS] layout=2x16 weight=blk.8.ffn_down_exps.weight groups=83 dot8_groups=127 expert_runs=60 groups_per_run=1.383 ne00=1408 ne01=2048 k_halves=88 m_wgs=32 dotx8_per_mwg=11176 dotx8_wg_calls=357632 dotx8_workitem_calls=22888448 weight_load_per_mwg=5280 weight_load_wg_calls=168960
[MOE_TILES] layout=2x16 routings=774 (ne20=6 ne21=129 nexp=64) total_tiles=42 ideal=25 slots=1344 pad=73.6%
[MOE_GROUPED_STATS] layout=2x16 weight=blk.9.ffn_gate_exps.weight groups=83 dot8_groups=122 expert_runs=60 groups_per_run=1.383 ne00=2048 ne01=1408 k_halves=128 m_wgs=22 dotx8_per_mwg=15616 dotx8_wg_calls=343552 dotx8_workitem_calls=21987328 weight_load_per_mwg=7680 weight_load_wg_calls=168960
[MOE_GROUPED_STATS] layout=2x16 weight=blk.9.ffn_up_exps.weight groups=83 dot8_groups=122 expert_runs=60 groups_per_run=1.383 ne00=2048 ne01=1408 k_halves=128 m_wgs=22 dotx8_per_mwg=15616 dotx8_wg_calls=343552 dotx8_workitem_calls=21987328 weight_load_per_mwg=7680 weight_load_wg_calls=168960
[MOE_GROUPED_STATS] layout=2x16 weight=blk.9.ffn_down_exps.weight groups=83 dot8_groups=122 expert_runs=60 groups_per_run=1.383 ne00=1408 ne01=2048 k_halves=88 m_wgs=32 dotx8_per_mwg=10736 dotx8_wg_calls=343552 dotx8_workitem_calls=21987328 weight_load_per_mwg=5280 weight_load_wg_calls=168960
[MOE_TILES] layout=2x16 routings=774 (ne20=6 ne21=129 nexp=64) total_tiles=40 ideal=25 slots=1280 pad=65.4%
[MOE_GROUPED_STATS] layout=2x16 weight=blk.10.ffn_gate_exps.weight groups=79 dot8_groups=125 expert_runs=63 groups_per_run=1.254 ne00=2048 ne01=1408 k_halves=128 m_wgs=22 dotx8_per_mwg=16000 dotx8_wg_calls=352000 dotx8_workitem_calls=22528000 weight_load_per_mwg=8064 weight_load_wg_calls=177408
[MOE_GROUPED_STATS] layout=2x16 weight=blk.10.ffn_up_exps.weight groups=79 dot8_groups=125 expert_runs=63 groups_per_run=1.254 ne00=2048 ne01=1408 k_halves=128 m_wgs=22 dotx8_per_mwg=16000 dotx8_wg_calls=352000 dotx8_workitem_calls=22528000 weight_load_per_mwg=8064 weight_load_wg_calls=177408
[MOE_GROUPED_STATS] layout=2x16 weight=blk.10.ffn_down_exps.weight groups=79 dot8_groups=125 expert_runs=63 groups_per_run=1.254 ne00=1408 ne01=2048 k_halves=88 m_wgs=32 dotx8_per_mwg=11000 dotx8_wg_calls=352000 dotx8_workitem_calls=22528000 weight_load_per_mwg=5544 weight_load_wg_calls=177408
[MOE_TILES] layout=2x16 routings=774 (ne20=6 ne21=129 nexp=64) total_tiles=39 ideal=25 slots=1248 pad=61.2%
[MOE_GROUPED_STATS] layout=2x16 weight=blk.11.ffn_gate_exps.weight groups=78 dot8_groups=121 expert_runs=61 groups_per_run=1.279 ne00=2048 ne01=1408 k_halves=128 m_wgs=22 dotx8_per_mwg=15488 dotx8_wg_calls=340736 dotx8_workitem_calls=21807104 weight_load_per_mwg=7808 weight_load_wg_calls=171776
[MOE_GROUPED_STATS] layout=2x16 weight=blk.11.ffn_up_exps.weight groups=78 dot8_groups=121 expert_runs=61 groups_per_run=1.279 ne00=2048 ne01=1408 k_halves=128 m_wgs=22 dotx8_per_mwg=15488 dotx8_wg_calls=340736 dotx8_workitem_calls=21807104 weight_load_per_mwg=7808 weight_load_wg_calls=171776
[MOE_GROUPED_STATS] layout=2x16 weight=blk.11.ffn_down_exps.weight groups=78 dot8_groups=121 expert_runs=61 groups_per_run=1.279 ne00=1408 ne01=2048 k_halves=88 m_wgs=32 dotx8_per_mwg=10648 dotx8_wg_calls=340736 dotx8_workitem_calls=21807104 weight_load_per_mwg=5368 weight_load_wg_calls=171776
[MOE_TILES] layout=2x16 routings=774 (ne20=6 ne21=129 nexp=64) total_tiles=41 ideal=25 slots=1312 pad=69.5%
[MOE_GROUPED_STATS] layout=2x16 weight=blk.12.ffn_gate_exps.weight groups=81 dot8_groups=123 expert_runs=65 groups_per_run=1.246 ne00=2048 ne01=1408 k_halves=128 m_wgs=22 dotx8_per_mwg=15744 dotx8_wg_calls=346368 dotx8_workitem_calls=22167552 weight_load_per_mwg=8320 weight_load_wg_calls=183040
[MOE_GROUPED_STATS] layout=2x16 weight=blk.12.ffn_up_exps.weight groups=81 dot8_groups=123 expert_runs=65 groups_per_run=1.246 ne00=2048 ne01=1408 k_halves=128 m_wgs=22 dotx8_per_mwg=15744 dotx8_wg_calls=346368 dotx8_workitem_calls=22167552 weight_load_per_mwg=8320 weight_load_wg_calls=183040
[MOE_GROUPED_STATS] layout=2x16 weight=blk.12.ffn_down_exps.weight groups=81 dot8_groups=123 expert_runs=65 groups_per_run=1.246 ne00=1408 ne01=2048 k_halves=88 m_wgs=32 dotx8_per_mwg=10824 dotx8_wg_calls=346368 dotx8_workitem_calls=22167552 weight_load_per_mwg=5720 weight_load_wg_calls=183040
[MOE_TILES] layout=2x16 routings=774 (ne20=6 ne21=129 nexp=64) total_tiles=41 ideal=25 slots=1312 pad=69.5%
[MOE_GROUPED_STATS] layout=2x16 weight=blk.13.ffn_gate_exps.weight groups=82 dot8_groups=127 expert_runs=65 groups_per_run=1.262 ne00=2048 ne01=1408 k_halves=128 m_wgs=22 dotx8_per_mwg=16256 dotx8_wg_calls=357632 dotx8_workitem_calls=22888448 weight_load_per_mwg=8320 weight_load_wg_calls=183040
[MOE_GROUPED_STATS] layout=2x16 weight=blk.13.ffn_up_exps.weight groups=82 dot8_groups=127 expert_runs=65 groups_per_run=1.262 ne00=2048 ne01=1408 k_halves=128 m_wgs=22 dotx8_per_mwg=16256 dotx8_wg_calls=357632 dotx8_workitem_calls=22888448 weight_load_per_mwg=8320 weight_load_wg_calls=183040
[MOE_GROUPED_STATS] layout=2x16 weight=blk.13.ffn_down_exps.weight groups=82 dot8_groups=127 expert_runs=65 groups_per_run=1.262 ne00=1408 ne01=2048 k_halves=88 m_wgs=32 dotx8_per_mwg=11176 dotx8_wg_calls=357632 dotx8_workitem_calls=22888448 weight_load_per_mwg=5720 weight_load_wg_calls=183040
[MOE_TILES] layout=2x16 routings=774 (ne20=6 ne21=129 nexp=64) total_tiles=39 ideal=25 slots=1248 pad=61.2%
[MOE_GROUPED_STATS] layout=2x16 weight=blk.14.ffn_gate_exps.weight groups=78 dot8_groups=124 expert_runs=62 groups_per_run=1.258 ne00=2048 ne01=1408 k_halves=128 m_wgs=22 dotx8_per_mwg=15872 dotx8_wg_calls=349184 dotx8_workitem_calls=22347776 weight_load_per_mwg=7936 weight_load_wg_calls=174592
[MOE_GROUPED_STATS] layout=2x16 weight=blk.14.ffn_up_exps.weight groups=78 dot8_groups=124 expert_runs=62 groups_per_run=1.258 ne00=2048 ne01=1408 k_halves=128 m_wgs=22 dotx8_per_mwg=15872 dotx8_wg_calls=349184 dotx8_workitem_calls=22347776 weight_load_per_mwg=7936 weight_load_wg_calls=174592
[MOE_GROUPED_STATS] layout=2x16 weight=blk.14.ffn_down_exps.weight groups=78 dot8_groups=124 expert_runs=62 groups_per_run=1.258 ne00=1408 ne01=2048 k_halves=88 m_wgs=32 dotx8_per_mwg=10912 dotx8_wg_calls=349184 dotx8_workitem_calls=22347776 weight_load_per_mwg=5456 weight_load_wg_calls=174592
[MOE_TILES] layout=2x16 routings=774 (ne20=6 ne21=129 nexp=64) total_tiles=38 ideal=25 slots=1216 pad=57.1%
[MOE_GROUPED_STATS] layout=2x16 weight=blk.15.ffn_gate_exps.weight groups=76 dot8_groups=120 expert_runs=60 groups_per_run=1.267 ne00=2048 ne01=1408 k_halves=128 m_wgs=22 dotx8_per_mwg=15360 dotx8_wg_calls=337920 dotx8_workitem_calls=21626880 weight_load_per_mwg=7680 weight_load_wg_calls=168960
[MOE_GROUPED_STATS] layout=2x16 weight=blk.15.ffn_up_exps.weight groups=76 dot8_groups=120 expert_runs=60 groups_per_run=1.267 ne00=2048 ne01=1408 k_halves=128 m_wgs=22 dotx8_per_mwg=15360 dotx8_wg_calls=337920 dotx8_workitem_calls=21626880 weight_load_per_mwg=7680 weight_load_wg_calls=168960
[MOE_GROUPED_STATS] layout=2x16 weight=blk.15.ffn_down_exps.weight groups=76 dot8_groups=120 expert_runs=60 groups_per_run=1.267 ne00=1408 ne01=2048 k_halves=88 m_wgs=32 dotx8_per_mwg=10560 dotx8_wg_calls=337920 dotx8_workitem_calls=21626880 weight_load_per_mwg=5280 weight_load_wg_calls=168960
[MOE_TILES] layout=2x16 routings=774 (ne20=6 ne21=129 nexp=64) total_tiles=42 ideal=25 slots=1344 pad=73.6%
[MOE_GROUPED_STATS] layout=2x16 weight=blk.16.ffn_gate_exps.weight groups=83 dot8_groups=123 expert_runs=68 groups_per_run=1.221 ne00=2048 ne01=1408 k_halves=128 m_wgs=22 dotx8_per_mwg=15744 dotx8_wg_calls=346368 dotx8_workitem_calls=22167552 weight_load_per_mwg=8704 weight_load_wg_calls=191488
[MOE_GROUPED_STATS] layout=2x16 weight=blk.16.ffn_up_exps.weight groups=83 dot8_groups=123 expert_runs=68 groups_per_run=1.221 ne00=2048 ne01=1408 k_halves=128 m_wgs=22 dotx8_per_mwg=15744 dotx8_wg_calls=346368 dotx8_workitem_calls=22167552 weight_load_per_mwg=8704 weight_load_wg_calls=191488
[MOE_GROUPED_STATS] layout=2x16 weight=blk.16.ffn_down_exps.weight groups=83 dot8_groups=123 expert_runs=68 groups_per_run=1.221 ne00=1408 ne01=2048 k_halves=88 m_wgs=32 dotx8_per_mwg=10824 dotx8_wg_calls=346368 dotx8_workitem_calls=22167552 weight_load_per_mwg=5984 weight_load_wg_calls=191488
[MOE_TILES] layout=2x16 routings=774 (ne20=6 ne21=129 nexp=64) total_tiles=39 ideal=25 slots=1248 pad=61.2%
[MOE_GROUPED_STATS] layout=2x16 weight=blk.17.ffn_gate_exps.weight groups=78 dot8_groups=124 expert_runs=62 groups_per_run=1.258 ne00=2048 ne01=1408 k_halves=128 m_wgs=22 dotx8_per_mwg=15872 dotx8_wg_calls=349184 dotx8_workitem_calls=22347776 weight_load_per_mwg=7936 weight_load_wg_calls=174592
[MOE_GROUPED_STATS] layout=2x16 weight=blk.17.ffn_up_exps.weight groups=78 dot8_groups=124 expert_runs=62 groups_per_run=1.258 ne00=2048 ne01=1408 k_halves=128 m_wgs=22 dotx8_per_mwg=15872 dotx8_wg_calls=349184 dotx8_workitem_calls=22347776 weight_load_per_mwg=7936 weight_load_wg_calls=174592
[MOE_GROUPED_STATS] layout=2x16 weight=blk.17.ffn_down_exps.weight groups=78 dot8_groups=124 expert_runs=62 groups_per_run=1.258 ne00=1408 ne01=2048 k_halves=88 m_wgs=32 dotx8_per_mwg=10912 dotx8_wg_calls=349184 dotx8_workitem_calls=22347776 weight_load_per_mwg=5456 weight_load_wg_calls=174592
[MOE_TILES] layout=2x16 routings=774 (ne20=6 ne21=129 nexp=64) total_tiles=38 ideal=25 slots=1216 pad=57.1%
[MOE_GROUPED_STATS] layout=2x16 weight=blk.18.ffn_gate_exps.weight groups=76 dot8_groups=120 expert_runs=62 groups_per_run=1.226 ne00=2048 ne01=1408 k_halves=128 m_wgs=22 dotx8_per_mwg=15360 dotx8_wg_calls=337920 dotx8_workitem_calls=21626880 weight_load_per_mwg=7936 weight_load_wg_calls=174592
[MOE_GROUPED_STATS] layout=2x16 weight=blk.18.ffn_up_exps.weight groups=76 dot8_groups=120 expert_runs=62 groups_per_run=1.226 ne00=2048 ne01=1408 k_halves=128 m_wgs=22 dotx8_per_mwg=15360 dotx8_wg_calls=337920 dotx8_workitem_calls=21626880 weight_load_per_mwg=7936 weight_load_wg_calls=174592
[MOE_GROUPED_STATS] layout=2x16 weight=blk.18.ffn_down_exps.weight groups=76 dot8_groups=120 expert_runs=62 groups_per_run=1.226 ne00=1408 ne01=2048 k_halves=88 m_wgs=32 dotx8_per_mwg=10560 dotx8_wg_calls=337920 dotx8_workitem_calls=21626880 weight_load_per_mwg=5456 weight_load_wg_calls=174592
[MOE_TILES] layout=2x16 routings=774 (ne20=6 ne21=129 nexp=64) total_tiles=40 ideal=25 slots=1280 pad=65.4%
[MOE_GROUPED_STATS] layout=2x16 weight=blk.19.ffn_gate_exps.weight groups=79 dot8_groups=125 expert_runs=64 groups_per_run=1.234 ne00=2048 ne01=1408 k_halves=128 m_wgs=22 dotx8_per_mwg=16000 dotx8_wg_calls=352000 dotx8_workitem_calls=22528000 weight_load_per_mwg=8192 weight_load_wg_calls=180224
[MOE_GROUPED_STATS] layout=2x16 weight=blk.19.ffn_up_exps.weight groups=79 dot8_groups=125 expert_runs=64 groups_per_run=1.234 ne00=2048 ne01=1408 k_halves=128 m_wgs=22 dotx8_per_mwg=16000 dotx8_wg_calls=352000 dotx8_workitem_calls=22528000 weight_load_per_mwg=8192 weight_load_wg_calls=180224
[MOE_GROUPED_STATS] layout=2x16 weight=blk.19.ffn_down_exps.weight groups=79 dot8_groups=125 expert_runs=64 groups_per_run=1.234 ne00=1408 ne01=2048 k_halves=88 m_wgs=32 dotx8_per_mwg=11000 dotx8_wg_calls=352000 dotx8_workitem_calls=22528000 weight_load_per_mwg=5632 weight_load_wg_calls=180224
[MOE_TILES] layout=2x16 routings=774 (ne20=6 ne21=129 nexp=64) total_tiles=41 ideal=25 slots=1312 pad=69.5%
[MOE_GROUPED_STATS] layout=2x16 weight=blk.20.ffn_gate_exps.weight groups=81 dot8_groups=123 expert_runs=63 groups_per_run=1.286 ne00=2048 ne01=1408 k_halves=128 m_wgs=22 dotx8_per_mwg=15744 dotx8_wg_calls=346368 dotx8_workitem_calls=22167552 weight_load_per_mwg=8064 weight_load_wg_calls=177408
[MOE_GROUPED_STATS] layout=2x16 weight=blk.20.ffn_up_exps.weight groups=81 dot8_groups=123 expert_runs=63 groups_per_run=1.286 ne00=2048 ne01=1408 k_halves=128 m_wgs=22 dotx8_per_mwg=15744 dotx8_wg_calls=346368 dotx8_workitem_calls=22167552 weight_load_per_mwg=8064 weight_load_wg_calls=177408
[MOE_GROUPED_STATS] layout=2x16 weight=blk.20.ffn_down_exps.weight groups=81 dot8_groups=123 expert_runs=63 groups_per_run=1.286 ne00=1408 ne01=2048 k_halves=88 m_wgs=32 dotx8_per_mwg=10824 dotx8_wg_calls=346368 dotx8_workitem_calls=22167552 weight_load_per_mwg=5544 weight_load_wg_calls=177408
[MOE_TILES] layout=2x16 routings=774 (ne20=6 ne21=129 nexp=64) total_tiles=42 ideal=25 slots=1344 pad=73.6%
[MOE_GROUPED_STATS] layout=2x16 weight=blk.21.ffn_gate_exps.weight groups=84 dot8_groups=125 expert_runs=65 groups_per_run=1.292 ne00=2048 ne01=1408 k_halves=128 m_wgs=22 dotx8_per_mwg=16000 dotx8_wg_calls=352000 dotx8_workitem_calls=22528000 weight_load_per_mwg=8320 weight_load_wg_calls=183040
[MOE_GROUPED_STATS] layout=2x16 weight=blk.21.ffn_up_exps.weight groups=84 dot8_groups=125 expert_runs=65 groups_per_run=1.292 ne00=2048 ne01=1408 k_halves=128 m_wgs=22 dotx8_per_mwg=16000 dotx8_wg_calls=352000 dotx8_workitem_calls=22528000 weight_load_per_mwg=8320 weight_load_wg_calls=183040
[MOE_GROUPED_STATS] layout=2x16 weight=blk.21.ffn_down_exps.weight groups=84 dot8_groups=125 expert_runs=65 groups_per_run=1.292 ne00=1408 ne01=2048 k_halves=88 m_wgs=32 dotx8_per_mwg=11000 dotx8_wg_calls=352000 dotx8_workitem_calls=22528000 weight_load_per_mwg=5720 weight_load_wg_calls=183040
[MOE_TILES] layout=2x16 routings=774 (ne20=6 ne21=129 nexp=64) total_tiles=39 ideal=25 slots=1248 pad=61.2%
[MOE_GROUPED_STATS] layout=2x16 weight=blk.22.ffn_gate_exps.weight groups=78 dot8_groups=125 expert_runs=60 groups_per_run=1.300 ne00=2048 ne01=1408 k_halves=128 m_wgs=22 dotx8_per_mwg=16000 dotx8_wg_calls=352000 dotx8_workitem_calls=22528000 weight_load_per_mwg=7680 weight_load_wg_calls=168960
[MOE_GROUPED_STATS] layout=2x16 weight=blk.22.ffn_up_exps.weight groups=78 dot8_groups=125 expert_runs=60 groups_per_run=1.300 ne00=2048 ne01=1408 k_halves=128 m_wgs=22 dotx8_per_mwg=16000 dotx8_wg_calls=352000 dotx8_workitem_calls=22528000 weight_load_per_mwg=7680 weight_load_wg_calls=168960
[MOE_GROUPED_STATS] layout=2x16 weight=blk.22.ffn_down_exps.weight groups=78 dot8_groups=125 expert_runs=60 groups_per_run=1.300 ne00=1408 ne01=2048 k_halves=88 m_wgs=32 dotx8_per_mwg=11000 dotx8_wg_calls=352000 dotx8_workitem_calls=22528000 weight_load_per_mwg=5280 weight_load_wg_calls=168960
[MOE_TILES] layout=2x16 routings=774 (ne20=6 ne21=129 nexp=64) total_tiles=40 ideal=25 slots=1280 pad=65.4%
[MOE_GROUPED_STATS] layout=2x16 weight=blk.23.ffn_gate_exps.weight groups=79 dot8_groups=125 expert_runs=61 groups_per_run=1.295 ne00=2048 ne01=1408 k_halves=128 m_wgs=22 dotx8_per_mwg=16000 dotx8_wg_calls=352000 dotx8_workitem_calls=22528000 weight_load_per_mwg=7808 weight_load_wg_calls=171776
[MOE_GROUPED_STATS] layout=2x16 weight=blk.23.ffn_up_exps.weight groups=79 dot8_groups=125 expert_runs=61 groups_per_run=1.295 ne00=2048 ne01=1408 k_halves=128 m_wgs=22 dotx8_per_mwg=16000 dotx8_wg_calls=352000 dotx8_workitem_calls=22528000 weight_load_per_mwg=7808 weight_load_wg_calls=171776
[MOE_GROUPED_STATS] layout=2x16 weight=blk.23.ffn_down_exps.weight groups=79 dot8_groups=125 expert_runs=61 groups_per_run=1.295 ne00=1408 ne01=2048 k_halves=88 m_wgs=32 dotx8_per_mwg=11000 dotx8_wg_calls=352000 dotx8_workitem_calls=22528000 weight_load_per_mwg=5368 weight_load_wg_calls=171776
[MOE_TILES] layout=2x16 routings=774 (ne20=6 ne21=129 nexp=64) total_tiles=41 ideal=25 slots=1312 pad=69.5%
[MOE_GROUPED_STATS] layout=2x16 weight=blk.24.ffn_gate_exps.weight groups=81 dot8_groups=123 expert_runs=64 groups_per_run=1.266 ne00=2048 ne01=1408 k_halves=128 m_wgs=22 dotx8_per_mwg=15744 dotx8_wg_calls=346368 dotx8_workitem_calls=22167552 weight_load_per_mwg=8192 weight_load_wg_calls=180224
[MOE_GROUPED_STATS] layout=2x16 weight=blk.24.ffn_up_exps.weight groups=81 dot8_groups=123 expert_runs=64 groups_per_run=1.266 ne00=2048 ne01=1408 k_halves=128 m_wgs=22 dotx8_per_mwg=15744 dotx8_wg_calls=346368 dotx8_workitem_calls=22167552 weight_load_per_mwg=8192 weight_load_wg_calls=180224
[MOE_GROUPED_STATS] layout=2x16 weight=blk.24.ffn_down_exps.weight groups=81 dot8_groups=123 expert_runs=64 groups_per_run=1.266 ne00=1408 ne01=2048 k_halves=88 m_wgs=32 dotx8_per_mwg=10824 dotx8_wg_calls=346368 dotx8_workitem_calls=22167552 weight_load_per_mwg=5632 weight_load_wg_calls=180224
[MOE_TILES] layout=2x16 routings=774 (ne20=6 ne21=129 nexp=64) total_tiles=42 ideal=25 slots=1344 pad=73.6%
[MOE_GROUPED_STATS] layout=2x16 weight=blk.25.ffn_gate_exps.weight groups=83 dot8_groups=127 expert_runs=68 groups_per_run=1.221 ne00=2048 ne01=1408 k_halves=128 m_wgs=22 dotx8_per_mwg=16256 dotx8_wg_calls=357632 dotx8_workitem_calls=22888448 weight_load_per_mwg=8704 weight_load_wg_calls=191488
[MOE_GROUPED_STATS] layout=2x16 weight=blk.25.ffn_up_exps.weight groups=83 dot8_groups=127 expert_runs=68 groups_per_run=1.221 ne00=2048 ne01=1408 k_halves=128 m_wgs=22 dotx8_per_mwg=16256 dotx8_wg_calls=357632 dotx8_workitem_calls=22888448 weight_load_per_mwg=8704 weight_load_wg_calls=191488
[MOE_GROUPED_STATS] layout=2x16 weight=blk.25.ffn_down_exps.weight groups=83 dot8_groups=127 expert_runs=68 groups_per_run=1.221 ne00=1408 ne01=2048 k_halves=88 m_wgs=32 dotx8_per_mwg=11176 dotx8_wg_calls=357632 dotx8_workitem_calls=22888448 weight_load_per_mwg=5984 weight_load_wg_calls=191488