groups：8-token group 总数
expert_runs：跨所有 tile 的连续 expert 段数；例如 E0,E0,E0,E2 算 2 runs。
dotx8_per_mwg: groups×ne00/16
dotx8_wg_calls: groups×ne00/16×ceil(ne01/64)
dotx8_workitem_calls: 再乘 64，因为一个 WG 有 64 个 work-item。
weight_load_wg_calls: expertRuns×ne00/16×ceil(ne01/64)

[MOE_4X8_STATS] weight=blk.1.ffn_gate_exps.weight groups=414 expert_runs=128 groups_per_run=3.234 ne00=2048 ne01=1408 k_halves=128 m_wgs=22 dotx8_per_mwg=52992 dotx8_wg_calls=1165824 dotx8_workitem_calls=74612736 weight_load_per_mwg=16384 weight_load_wg_calls=360448
[MOE_4X8_STATS] weight=blk.1.ffn_up_exps.weight groups=414 expert_runs=128 groups_per_run=3.234 ne00=2048 ne01=1408 k_halves=128 m_wgs=22 dotx8_per_mwg=52992 dotx8_wg_calls=1165824 dotx8_workitem_calls=74612736 weight_load_per_mwg=16384 weight_load_wg_calls=360448
[MOE_4X8_STATS] weight=blk.1.ffn_down_exps.weight groups=414 expert_runs=128 groups_per_run=3.234 ne00=1408 ne01=2048 k_halves=88 m_wgs=32 dotx8_per_mwg=36432 dotx8_wg_calls=1165824 dotx8_workitem_calls=74612736 weight_load_per_mwg=11264 weight_load_wg_calls=360448
[MOE_TILES] layout=4x8 routings=3072 (ne20=6 ne21=512 nexp=64) total_tiles=103 ideal=96 slots=3296 pad=7.3%
[MOE_4X8_STATS] weight=blk.2.ffn_gate_exps.weight groups=411 expert_runs=125 groups_per_run=3.288 ne00=2048 ne01=1408 k_halves=128 m_wgs=22 dotx8_per_mwg=52608 dotx8_wg_calls=1157376 dotx8_workitem_calls=74072064 weight_load_per_mwg=16000 weight_load_wg_calls=352000
[MOE_4X8_STATS] weight=blk.2.ffn_up_exps.weight groups=411 expert_runs=125 groups_per_run=3.288 ne00=2048 ne01=1408 k_halves=128 m_wgs=22 dotx8_per_mwg=52608 dotx8_wg_calls=1157376 dotx8_workitem_calls=74072064 weight_load_per_mwg=16000 weight_load_wg_calls=352000
[MOE_4X8_STATS] weight=blk.2.ffn_down_exps.weight groups=411 expert_runs=125 groups_per_run=3.288 ne00=1408 ne01=2048 k_halves=88 m_wgs=32 dotx8_per_mwg=36168 dotx8_wg_calls=1157376 dotx8_workitem_calls=74072064 weight_load_per_mwg=11000 weight_load_wg_calls=352000
[MOE_TILES] layout=4x8 routings=3072 (ne20=6 ne21=512 nexp=64) total_tiles=104 ideal=96 slots=3328 pad=8.3%
[MOE_4X8_STATS] weight=blk.3.ffn_gate_exps.weight groups=413 expert_runs=128 groups_per_run=3.227 ne00=2048 ne01=1408 k_halves=128 m_wgs=22 dotx8_per_mwg=52864 dotx8_wg_calls=1163008 dotx8_workitem_calls=74432512 weight_load_per_mwg=16384 weight_load_wg_calls=360448
[MOE_4X8_STATS] weight=blk.3.ffn_up_exps.weight groups=413 expert_runs=128 groups_per_run=3.227 ne00=2048 ne01=1408 k_halves=128 m_wgs=22 dotx8_per_mwg=52864 dotx8_wg_calls=1163008 dotx8_workitem_calls=74432512 weight_load_per_mwg=16384 weight_load_wg_calls=360448
[MOE_4X8_STATS] weight=blk.3.ffn_down_exps.weight groups=413 expert_runs=128 groups_per_run=3.227 ne00=1408 ne01=2048 k_halves=88 m_wgs=32 dotx8_per_mwg=36344 dotx8_wg_calls=1163008 dotx8_workitem_calls=74432512 weight_load_per_mwg=11264 weight_load_wg_calls=360448
[MOE_TILES] layout=4x8 routings=3072 (ne20=6 ne21=512 nexp=64) total_tiles=104 ideal=96 slots=3328 pad=8.3%
[MOE_4X8_STATS] weight=blk.4.ffn_gate_exps.weight groups=414 expert_runs=126 groups_per_run=3.286 ne00=2048 ne01=1408 k_halves=128 m_wgs=22 dotx8_per_mwg=52992 dotx8_wg_calls=1165824 dotx8_workitem_calls=74612736 weight_load_per_mwg=16128 weight_load_wg_calls=354816
[MOE_4X8_STATS] weight=blk.4.ffn_up_exps.weight groups=414 expert_runs=126 groups_per_run=3.286 ne00=2048 ne01=1408 k_halves=128 m_wgs=22 dotx8_per_mwg=52992 dotx8_wg_calls=1165824 dotx8_workitem_calls=74612736 weight_load_per_mwg=16128 weight_load_wg_calls=354816
[MOE_4X8_STATS] weight=blk.4.ffn_down_exps.weight groups=414 expert_runs=126 groups_per_run=3.286 ne00=1408 ne01=2048 k_halves=88 m_wgs=32 dotx8_per_mwg=36432 dotx8_wg_calls=1165824 dotx8_workitem_calls=74612736 weight_load_per_mwg=11088 weight_load_wg_calls=354816
[MOE_TILES] layout=4x8 routings=3072 (ne20=6 ne21=512 nexp=64) total_tiles=104 ideal=96 slots=3328 pad=8.3%
[MOE_4X8_STATS] weight=blk.5.ffn_gate_exps.weight groups=413 expert_runs=131 groups_per_run=3.153 ne00=2048 ne01=1408 k_halves=128 m_wgs=22 dotx8_per_mwg=52864 dotx8_wg_calls=1163008 dotx8_workitem_calls=74432512 weight_load_per_mwg=16768 weight_load_wg_calls=368896
[MOE_4X8_STATS] weight=blk.5.ffn_up_exps.weight groups=413 expert_runs=131 groups_per_run=3.153 ne00=2048 ne01=1408 k_halves=128 m_wgs=22 dotx8_per_mwg=52864 dotx8_wg_calls=1163008 dotx8_workitem_calls=74432512 weight_load_per_mwg=16768 weight_load_wg_calls=368896
[MOE_4X8_STATS] weight=blk.5.ffn_down_exps.weight groups=413 expert_runs=131 groups_per_run=3.153 ne00=1408 ne01=2048 k_halves=88 m_wgs=32 dotx8_per_mwg=36344 dotx8_wg_calls=1163008 dotx8_workitem_calls=74432512 weight_load_per_mwg=11528 weight_load_wg_calls=368896
[MOE_TILES] layout=4x8 routings=3072 (ne20=6 ne21=512 nexp=64) total_tiles=103 ideal=96 slots=3296 pad=7.3%
[MOE_4X8_STATS] weight=blk.6.ffn_gate_exps.weight groups=409 expert_runs=126 groups_per_run=3.246 ne00=2048 ne01=1408 k_halves=128 m_wgs=22 dotx8_per_mwg=52352 dotx8_wg_calls=1151744 dotx8_workitem_calls=73711616 weight_load_per_mwg=16128 weight_load_wg_calls=354816
[MOE_4X8_STATS] weight=blk.6.ffn_up_exps.weight groups=409 expert_runs=126 groups_per_run=3.246 ne00=2048 ne01=1408 k_halves=128 m_wgs=22 dotx8_per_mwg=52352 dotx8_wg_calls=1151744 dotx8_workitem_calls=73711616 weight_load_per_mwg=16128 weight_load_wg_calls=354816
[MOE_4X8_STATS] weight=blk.6.ffn_down_exps.weight groups=409 expert_runs=126 groups_per_run=3.246 ne00=1408 ne01=2048 k_halves=88 m_wgs=32 dotx8_per_mwg=35992 dotx8_wg_calls=1151744 dotx8_workitem_calls=73711616 weight_load_per_mwg=11088 weight_load_wg_calls=354816
[MOE_TILES] layout=4x8 routings=3072 (ne20=6 ne21=512 nexp=64) total_tiles=103 ideal=96 slots=3296 pad=7.3%
[MOE_4X8_STATS] weight=blk.7.ffn_gate_exps.weight groups=411 expert_runs=127 groups_per_run=3.236 ne00=2048 ne01=1408 k_halves=128 m_wgs=22 dotx8_per_mwg=52608 dotx8_wg_calls=1157376 dotx8_workitem_calls=74072064 weight_load_per_mwg=16256 weight_load_wg_calls=357632
[MOE_4X8_STATS] weight=blk.7.ffn_up_exps.weight groups=411 expert_runs=127 groups_per_run=3.236 ne00=2048 ne01=1408 k_halves=128 m_wgs=22 dotx8_per_mwg=52608 dotx8_wg_calls=1157376 dotx8_workitem_calls=74072064 weight_load_per_mwg=16256 weight_load_wg_calls=357632
[MOE_4X8_STATS] weight=blk.7.ffn_down_exps.weight groups=411 expert_runs=127 groups_per_run=3.236 ne00=1408 ne01=2048 k_halves=88 m_wgs=32 dotx8_per_mwg=36168 dotx8_wg_calls=1157376 dotx8_workitem_calls=74072064 weight_load_per_mwg=11176 weight_load_wg_calls=357632
[MOE_TILES] layout=4x8 routings=3072 (ne20=6 ne21=512 nexp=64) total_tiles=104 ideal=96 slots=3328 pad=8.3%
[MOE_4X8_STATS] weight=blk.8.ffn_gate_exps.weight groups=414 expert_runs=131 groups_per_run=3.160 ne00=2048 ne01=1408 k_halves=128 m_wgs=22 dotx8_per_mwg=52992 dotx8_wg_calls=1165824 dotx8_workitem_calls=74612736 weight_load_per_mwg=16768 weight_load_wg_calls=368896
[MOE_4X8_STATS] weight=blk.8.ffn_up_exps.weight groups=414 expert_runs=131 groups_per_run=3.160 ne00=2048 ne01=1408 k_halves=128 m_wgs=22 dotx8_per_mwg=52992 dotx8_wg_calls=1165824 dotx8_workitem_calls=74612736 weight_load_per_mwg=16768 weight_load_wg_calls=368896
[MOE_4X8_STATS] weight=blk.8.ffn_down_exps.weight groups=414 expert_runs=131 groups_per_run=3.160 ne00=1408 ne01=2048 k_halves=88 m_wgs=32 dotx8_per_mwg=36432 dotx8_wg_calls=1165824 dotx8_workitem_calls=74612736 weight_load_per_mwg=11528 weight_load_wg_calls=368896
[MOE_TILES] layout=4x8 routings=3072 (ne20=6 ne21=512 nexp=64) total_tiles=103 ideal=96 slots=3296 pad=7.3%
[MOE_4X8_STATS] weight=blk.9.ffn_gate_exps.weight groups=409 expert_runs=129 groups_per_run=3.171 ne00=2048 ne01=1408 k_halves=128 m_wgs=22 dotx8_per_mwg=52352 dotx8_wg_calls=1151744 dotx8_workitem_calls=73711616 weight_load_per_mwg=16512 weight_load_wg_calls=363264
[MOE_4X8_STATS] weight=blk.9.ffn_up_exps.weight groups=409 expert_runs=129 groups_per_run=3.171 ne00=2048 ne01=1408 k_halves=128 m_wgs=22 dotx8_per_mwg=52352 dotx8_wg_calls=1151744 dotx8_workitem_calls=73711616 weight_load_per_mwg=16512 weight_load_wg_calls=363264
[MOE_4X8_STATS] weight=blk.9.ffn_down_exps.weight groups=409 expert_runs=129 groups_per_run=3.171 ne00=1408 ne01=2048 k_halves=88 m_wgs=32 dotx8_per_mwg=35992 dotx8_wg_calls=1151744 dotx8_workitem_calls=73711616 weight_load_per_mwg=11352 weight_load_wg_calls=363264
[MOE_TILES] layout=4x8 routings=3072 (ne20=6 ne21=512 nexp=64) total_tiles=104 ideal=96 slots=3328 pad=8.3%
[MOE_4X8_STATS] weight=blk.10.ffn_gate_exps.weight groups=415 expert_runs=131 groups_per_run=3.168 ne00=2048 ne01=1408 k_halves=128 m_wgs=22 dotx8_per_mwg=53120 dotx8_wg_calls=1168640 dotx8_workitem_calls=74792960 weight_load_per_mwg=16768 weight_load_wg_calls=368896
[MOE_4X8_STATS] weight=blk.10.ffn_up_exps.weight groups=415 expert_runs=131 groups_per_run=3.168 ne00=2048 ne01=1408 k_halves=128 m_wgs=22 dotx8_per_mwg=53120 dotx8_wg_calls=1168640 dotx8_workitem_calls=74792960 weight_load_per_mwg=16768 weight_load_wg_calls=368896
[MOE_4X8_STATS] weight=blk.10.ffn_down_exps.weight groups=415 expert_runs=131 groups_per_run=3.168 ne00=1408 ne01=2048 k_halves=88 m_wgs=32 dotx8_per_mwg=36520 dotx8_wg_calls=1168640 dotx8_workitem_calls=74792960 weight_load_per_mwg=11528 weight_load_wg_calls=368896
[MOE_TILES] layout=4x8 routings=3072 (ne20=6 ne21=512 nexp=64) total_tiles=103 ideal=96 slots=3296 pad=7.3%
[MOE_4X8_STATS] weight=blk.11.ffn_gate_exps.weight groups=412 expert_runs=127 groups_per_run=3.244 ne00=2048 ne01=1408 k_halves=128 m_wgs=22 dotx8_per_mwg=52736 dotx8_wg_calls=1160192 dotx8_workitem_calls=74252288 weight_load_per_mwg=16256 weight_load_wg_calls=357632
[MOE_4X8_STATS] weight=blk.11.ffn_up_exps.weight groups=412 expert_runs=127 groups_per_run=3.244 ne00=2048 ne01=1408 k_halves=128 m_wgs=22 dotx8_per_mwg=52736 dotx8_wg_calls=1160192 dotx8_workitem_calls=74252288 weight_load_per_mwg=16256 weight_load_wg_calls=357632
[MOE_4X8_STATS] weight=blk.11.ffn_down_exps.weight groups=412 expert_runs=127 groups_per_run=3.244 ne00=1408 ne01=2048 k_halves=88 m_wgs=32 dotx8_per_mwg=36256 dotx8_wg_calls=1160192 dotx8_workitem_calls=74252288 weight_load_per_mwg=11176 weight_load_wg_calls=357632
[MOE_TILES] layout=4x8 routings=3072 (ne20=6 ne21=512 nexp=64) total_tiles=103 ideal=96 slots=3296 pad=7.3%
[MOE_4X8_STATS] weight=blk.12.ffn_gate_exps.weight groups=411 expert_runs=127 groups_per_run=3.236 ne00=2048 ne01=1408 k_halves=128 m_wgs=22 dotx8_per_mwg=52608 dotx8_wg_calls=1157376 dotx8_workitem_calls=74072064 weight_load_per_mwg=16256 weight_load_wg_calls=357632
[MOE_4X8_STATS] weight=blk.12.ffn_up_exps.weight groups=411 expert_runs=127 groups_per_run=3.236 ne00=2048 ne01=1408 k_halves=128 m_wgs=22 dotx8_per_mwg=52608 dotx8_wg_calls=1157376 dotx8_workitem_calls=74072064 weight_load_per_mwg=16256 weight_load_wg_calls=357632
[MOE_4X8_STATS] weight=blk.12.ffn_down_exps.weight groups=411 expert_runs=127 groups_per_run=3.236 ne00=1408 ne01=2048 k_halves=88 m_wgs=32 dotx8_per_mwg=36168 dotx8_wg_calls=1157376 dotx8_workitem_calls=74072064 weight_load_per_mwg=11176 weight_load_wg_calls=357632
[MOE_TILES] layout=4x8 routings=3072 (ne20=6 ne21=512 nexp=64) total_tiles=103 ideal=96 slots=3296 pad=7.3%
[MOE_4X8_STATS] weight=blk.13.ffn_gate_exps.weight groups=412 expert_runs=129 groups_per_run=3.194 ne00=2048 ne01=1408 k_halves=128 m_wgs=22 dotx8_per_mwg=52736 dotx8_wg_calls=1160192 dotx8_workitem_calls=74252288 weight_load_per_mwg=16512 weight_load_wg_calls=363264
[MOE_4X8_STATS] weight=blk.13.ffn_up_exps.weight groups=412 expert_runs=129 groups_per_run=3.194 ne00=2048 ne01=1408 k_halves=128 m_wgs=22 dotx8_per_mwg=52736 dotx8_wg_calls=1160192 dotx8_workitem_calls=74252288 weight_load_per_mwg=16512 weight_load_wg_calls=363264
[MOE_4X8_STATS] weight=blk.13.ffn_down_exps.weight groups=412 expert_runs=129 groups_per_run=3.194 ne00=1408 ne01=2048 k_halves=88 m_wgs=32 dotx8_per_mwg=36256 dotx8_wg_calls=1160192 dotx8_workitem_calls=74252288 weight_load_per_mwg=11352 weight_load_wg_calls=363264
[MOE_TILES] layout=4x8 routings=3072 (ne20=6 ne21=512 nexp=64) total_tiles=105 ideal=96 slots=3360 pad=9.4%
[MOE_4X8_STATS] weight=blk.14.ffn_gate_exps.weight groups=417 expert_runs=130 groups_per_run=3.208 ne00=2048 ne01=1408 k_halves=128 m_wgs=22 dotx8_per_mwg=53376 dotx8_wg_calls=1174272 dotx8_workitem_calls=75153408 weight_load_per_mwg=16640 weight_load_wg_calls=366080
[MOE_4X8_STATS] weight=blk.14.ffn_up_exps.weight groups=417 expert_runs=130 groups_per_run=3.208 ne00=2048 ne01=1408 k_halves=128 m_wgs=22 dotx8_per_mwg=53376 dotx8_wg_calls=1174272 dotx8_workitem_calls=75153408 weight_load_per_mwg=16640 weight_load_wg_calls=366080
[MOE_4X8_STATS] weight=blk.14.ffn_down_exps.weight groups=417 expert_runs=130 groups_per_run=3.208 ne00=1408 ne01=2048 k_halves=88 m_wgs=32 dotx8_per_mwg=36696 dotx8_wg_calls=1174272 dotx8_workitem_calls=75153408 weight_load_per_mwg=11440 weight_load_wg_calls=366080
[MOE_TILES] layout=4x8 routings=3072 (ne20=6 ne21=512 nexp=64) total_tiles=104 ideal=96 slots=3328 pad=8.3%
[MOE_4X8_STATS] weight=blk.15.ffn_gate_exps.weight groups=414 expert_runs=124 groups_per_run=3.339 ne00=2048 ne01=1408 k_halves=128 m_wgs=22 dotx8_per_mwg=52992 dotx8_wg_calls=1165824 dotx8_workitem_calls=74612736 weight_load_per_mwg=15872 weight_load_wg_calls=349184
[MOE_4X8_STATS] weight=blk.15.ffn_up_exps.weight groups=414 expert_runs=124 groups_per_run=3.339 ne00=2048 ne01=1408 k_halves=128 m_wgs=22 dotx8_per_mwg=52992 dotx8_wg_calls=1165824 dotx8_workitem_calls=74612736 weight_load_per_mwg=15872 weight_load_wg_calls=349184
[MOE_4X8_STATS] weight=blk.15.ffn_down_exps.weight groups=414 expert_runs=124 groups_per_run=3.339 ne00=1408 ne01=2048 k_halves=88 m_wgs=32 dotx8_per_mwg=36432 dotx8_wg_calls=1165824 dotx8_workitem_calls=74612736 weight_load_per_mwg=10912 weight_load_wg_calls=349184
[MOE_TILES] layout=4x8 routings=3072 (ne20=6 ne21=512 nexp=64) total_tiles=103 ideal=96 slots=3296 pad=7.3%
[MOE_4X8_STATS] weight=blk.16.ffn_gate_exps.weight groups=409 expert_runs=127 groups_per_run=3.220 ne00=2048 ne01=1408 k_halves=128 m_wgs=22 dotx8_per_mwg=52352 dotx8_wg_calls=1151744 dotx8_workitem_calls=73711616 weight_load_per_mwg=16256 weight_load_wg_calls=357632
[MOE_4X8_STATS] weight=blk.16.ffn_up_exps.weight groups=409 expert_runs=127 groups_per_run=3.220 ne00=2048 ne01=1408 k_halves=128 m_wgs=22 dotx8_per_mwg=52352 dotx8_wg_calls=1151744 dotx8_workitem_calls=73711616 weight_load_per_mwg=16256 weight_load_wg_calls=357632
[MOE_4X8_STATS] weight=blk.16.ffn_down_exps.weight groups=409 expert_runs=127 groups_per_run=3.220 ne00=1408 ne01=2048 k_halves=88 m_wgs=32 dotx8_per_mwg=35992 dotx8_wg_calls=1151744 dotx8_workitem_calls=73711616 weight_load_per_mwg=11176 weight_load_wg_calls=357632
[MOE_TILES] layout=4x8 routings=3072 (ne20=6 ne21=512 nexp=64) total_tiles=103 ideal=96 slots=3296 pad=7.3%
[MOE_4X8_STATS] weight=blk.17.ffn_gate_exps.weight groups=412 expert_runs=131 groups_per_run=3.145 ne00=2048 ne01=1408 k_halves=128 m_wgs=22 dotx8_per_mwg=52736 dotx8_wg_calls=1160192 dotx8_workitem_calls=74252288 weight_load_per_mwg=16768 weight_load_wg_calls=368896
[MOE_4X8_STATS] weight=blk.17.ffn_up_exps.weight groups=412 expert_runs=131 groups_per_run=3.145 ne00=2048 ne01=1408 k_halves=128 m_wgs=22 dotx8_per_mwg=52736 dotx8_wg_calls=1160192 dotx8_workitem_calls=74252288 weight_load_per_mwg=16768 weight_load_wg_calls=368896
[MOE_4X8_STATS] weight=blk.17.ffn_down_exps.weight groups=412 expert_runs=131 groups_per_run=3.145 ne00=1408 ne01=2048 k_halves=88 m_wgs=32 dotx8_per_mwg=36256 dotx8_wg_calls=1160192 dotx8_workitem_calls=74252288 weight_load_per_mwg=11528 weight_load_wg_calls=368896
[MOE_TILES] layout=4x8 routings=3072 (ne20=6 ne21=512 nexp=64) total_tiles=103 ideal=96 slots=3296 pad=7.3%
[MOE_4X8_STATS] weight=blk.18.ffn_gate_exps.weight groups=412 expert_runs=131 groups_per_run=3.145 ne00=2048 ne01=1408 k_halves=128 m_wgs=22 dotx8_per_mwg=52736 dotx8_wg_calls=1160192 dotx8_workitem_calls=74252288 weight_load_per_mwg=16768 weight_load_wg_calls=368896
[MOE_4X8_STATS] weight=blk.18.ffn_up_exps.weight groups=412 expert_runs=131 groups_per_run=3.145 ne00=2048 ne01=1408 k_halves=128 m_wgs=22 dotx8_per_mwg=52736 dotx8_wg_calls=1160192 dotx8_workitem_calls=74252288 weight_load_per_mwg=16768 weight_load_wg_calls=368896
[MOE_4X8_STATS] weight=blk.18.ffn_down_exps.weight groups=412 expert_runs=131 groups_per_run=3.145 ne00=1408 ne01=2048 k_halves=88 m_wgs=32 dotx8_per_mwg=36256 dotx8_wg_calls=1160192 dotx8_workitem_calls=74252288 weight_load_per_mwg=11528 weight_load_wg_calls=368896
[MOE_TILES] layout=4x8 routings=3072 (ne20=6 ne21=512 nexp=64) total_tiles=103 ideal=96 slots=3296 pad=7.3%
[MOE_4X8_STATS] weight=blk.19.ffn_gate_exps.weight groups=411 expert_runs=128 groups_per_run=3.211 ne00=2048 ne01=1408 k_halves=128 m_wgs=22 dotx8_per_mwg=52608 dotx8_wg_calls=1157376 dotx8_workitem_calls=74072064 weight_load_per_mwg=16384 weight_load_wg_calls=360448
[MOE_4X8_STATS] weight=blk.19.ffn_up_exps.weight groups=411 expert_runs=128 groups_per_run=3.211 ne00=2048 ne01=1408 k_halves=128 m_wgs=22 dotx8_per_mwg=52608 dotx8_wg_calls=1157376 dotx8_workitem_calls=74072064 weight_load_per_mwg=16384 weight_load_wg_calls=360448
[MOE_4X8_STATS] weight=blk.19.ffn_down_exps.weight groups=411 expert_runs=128 groups_per_run=3.211 ne00=1408 ne01=2048 k_halves=88 m_wgs=32 dotx8_per_mwg=36168 dotx8_wg_calls=1157376 dotx8_workitem_calls=74072064 weight_load_per_mwg=11264 weight_load_wg_calls=360448
[MOE_TILES] layout=4x8 routings=3072 (ne20=6 ne21=512 nexp=64) total_tiles=104 ideal=96 slots=3328 pad=8.3%
[MOE_4X8_STATS] weight=blk.20.ffn_gate_exps.weight groups=415 expert_runs=127 groups_per_run=3.268 ne00=2048 ne01=1408 k_halves=128 m_wgs=22 dotx8_per_mwg=53120 dotx8_wg_calls=1168640 dotx8_workitem_calls=74792960 weight_load_per_mwg=16256 weight_load_wg_calls=357632
[MOE_4X8_STATS] weight=blk.20.ffn_up_exps.weight groups=415 expert_runs=127 groups_per_run=3.268 ne00=2048 ne01=1408 k_halves=128 m_wgs=22 dotx8_per_mwg=53120 dotx8_wg_calls=1168640 dotx8_workitem_calls=74792960 weight_load_per_mwg=16256 weight_load_wg_calls=357632
[MOE_4X8_STATS] weight=blk.20.ffn_down_exps.weight groups=415 expert_runs=127 groups_per_run=3.268 ne00=1408 ne01=2048 k_halves=88 m_wgs=32 dotx8_per_mwg=36520 dotx8_wg_calls=1168640 dotx8_workitem_calls=74792960 weight_load_per_mwg=11176 weight_load_wg_calls=357632
[MOE_TILES] layout=4x8 routings=3072 (ne20=6 ne21=512 nexp=64) total_tiles=103 ideal=96 slots=3296 pad=7.3%
[MOE_4X8_STATS] weight=blk.21.ffn_gate_exps.weight groups=411 expert_runs=127 groups_per_run=3.236 ne00=2048 ne01=1408 k_halves=128 m_wgs=22 dotx8_per_mwg=52608 dotx8_wg_calls=1157376 dotx8_workitem_calls=74072064 weight_load_per_mwg=16256 weight_load_wg_calls=357632
[MOE_4X8_STATS] weight=blk.21.ffn_up_exps.weight groups=411 expert_runs=127 groups_per_run=3.236 ne00=2048 ne01=1408 k_halves=128 m_wgs=22 dotx8_per_mwg=52608 dotx8_wg_calls=1157376 dotx8_workitem_calls=74072064 weight_load_per_mwg=16256 weight_load_wg_calls=357632
[MOE_4X8_STATS] weight=blk.21.ffn_down_exps.weight groups=411 expert_runs=127 groups_per_run=3.236 ne00=1408 ne01=2048 k_halves=88 m_wgs=32 dotx8_per_mwg=36168 dotx8_wg_calls=1157376 dotx8_workitem_calls=74072064 weight_load_per_mwg=11176 weight_load_wg_calls=357632
[MOE_TILES] layout=4x8 routings=3072 (ne20=6 ne21=512 nexp=64) total_tiles=104 ideal=96 slots=3328 pad=8.3%
[MOE_4X8_STATS] weight=blk.22.ffn_gate_exps.weight groups=413 expert_runs=128 groups_per_run=3.227 ne00=2048 ne01=1408 k_halves=128 m_wgs=22 dotx8_per_mwg=52864 dotx8_wg_calls=1163008 dotx8_workitem_calls=74432512 weight_load_per_mwg=16384 weight_load_wg_calls=360448
[MOE_4X8_STATS] weight=blk.22.ffn_up_exps.weight groups=413 expert_runs=128 groups_per_run=3.227 ne00=2048 ne01=1408 k_halves=128 m_wgs=22 dotx8_per_mwg=52864 dotx8_wg_calls=1163008 dotx8_workitem_calls=74432512 weight_load_per_mwg=16384 weight_load_wg_calls=360448
[MOE_4X8_STATS] weight=blk.22.ffn_down_exps.weight groups=413 expert_runs=128 groups_per_run=3.227 ne00=1408 ne01=2048 k_halves=88 m_wgs=32 dotx8_per_mwg=36344 dotx8_wg_calls=1163008 dotx8_workitem_calls=74432512 weight_load_per_mwg=11264 weight_load_wg_calls=360448
[MOE_TILES] layout=4x8 routings=3072 (ne20=6 ne21=512 nexp=64) total_tiles=103 ideal=96 slots=3296 pad=7.3%
[MOE_4X8_STATS] weight=blk.23.ffn_gate_exps.weight groups=410 expert_runs=129 groups_per_run=3.178 ne00=2048 ne01=1408 k_halves=128 m_wgs=22 dotx8_per_mwg=52480 dotx8_wg_calls=1154560 dotx8_workitem_calls=73891840 weight_load_per_mwg=16512 weight_load_wg_calls=363264
[MOE_4X8_STATS] weight=blk.23.ffn_up_exps.weight groups=410 expert_runs=129 groups_per_run=3.178 ne00=2048 ne01=1408 k_halves=128 m_wgs=22 dotx8_per_mwg=52480 dotx8_wg_calls=1154560 dotx8_workitem_calls=73891840 weight_load_per_mwg=16512 weight_load_wg_calls=363264
[MOE_4X8_STATS] weight=blk.23.ffn_down_exps.weight groups=410 expert_runs=129 groups_per_run=3.178 ne00=1408 ne01=2048 k_halves=88 m_wgs=32 dotx8_per_mwg=36080 dotx8_wg_calls=1154560 dotx8_workitem_calls=73891840 weight_load_per_mwg=11352 weight_load_wg_calls=363264
[MOE_TILES] layout=4x8 routings=3072 (ne20=6 ne21=512 nexp=64) total_tiles=104 ideal=96 slots=3328 pad=8.3%
[MOE_4X8_STATS] weight=blk.24.ffn_gate_exps.weight groups=415 expert_runs=130 groups_per_run=3.192 ne00=2048 ne01=1408 k_halves=128 m_wgs=22 dotx8_per_mwg=53120 dotx8_wg_calls=1168640 dotx8_workitem_calls=74792960 weight_load_per_mwg=16640 weight_load_wg_calls=366080
[MOE_4X8_STATS] weight=blk.24.ffn_up_exps.weight groups=415 expert_runs=130 groups_per_run=3.192 ne00=2048 ne01=1408 k_halves=128 m_wgs=22 dotx8_per_mwg=53120 dotx8_wg_calls=1168640 dotx8_workitem_calls=74792960 weight_load_per_mwg=16640 weight_load_wg_calls=366080
[MOE_4X8_STATS] weight=blk.24.ffn_down_exps.weight groups=415 expert_runs=130 groups_per_run=3.192 ne00=1408 ne01=2048 k_halves=88 m_wgs=32 dotx8_per_mwg=36520 dotx8_wg_calls=1168640 dotx8_workitem_calls=74792960 weight_load_per_mwg=11440 weight_load_wg_calls=366080
[MOE_TILES] layout=4x8 routings=3072 (ne20=6 ne21=512 nexp=64) total_tiles=103 ideal=96 slots=3296 pad=7.3%
[MOE_4X8_STATS] weight=blk.25.ffn_gate_exps.weight groups=412 expert_runs=127 groups_per_run=3.244 ne00=2048 ne01=1408 k_halves=128 m_wgs=22 dotx8_per_mwg=52736 dotx8_wg_calls=1160192 dotx8_workitem_calls=74252288 weight_load_per_mwg=16256 weight_load_wg_calls=357632
[MOE_4X8_STATS] weight=blk.25.ffn_up_exps.weight groups=412 expert_runs=127 groups_per_run=3.244 ne00=2048 ne01=1408 k_halves=128 m_wgs=22 dotx8_per_mwg=52736 dotx8_wg_calls=1160192 dotx8_workitem_calls=74252288 weight_load_per_mwg=16256 weight_load_wg_calls=357632
[MOE_4X8_STATS] weight=blk.25.ffn_down_exps.weight groups=412 expert_runs=127 groups_per_run=3.244 ne00=1408 ne01=2048 k_halves=88 m_wgs=32 dotx8_per_mwg=36256 dotx8_wg_calls=1160192 dotx8_workitem_calls=74252288 weight_load_per_mwg=11176 weight_load_wg_calls=357632
[MOE_TILES] layout=4x8 routings=774 (ne20=6 ne21=129 nexp=64) total_tiles=32 ideal=25 slots=1024 pad=32.3%
[MOE_4X8_STATS] weight=blk.1.ffn_gate_exps.weight groups=126 expert_runs=64 groups_per_run=1.969 ne00=2048 ne01=1408 k_halves=128 m_wgs=22 dotx8_per_mwg=16128 dotx8_wg_calls=354816 dotx8_workitem_calls=22708224 weight_load_per_mwg=8192 weight_load_wg_calls=180224
[MOE_4X8_STATS] weight=blk.1.ffn_up_exps.weight groups=126 expert_runs=64 groups_per_run=1.969 ne00=2048 ne01=1408 k_halves=128 m_wgs=22 dotx8_per_mwg=16128 dotx8_wg_calls=354816 dotx8_workitem_calls=22708224 weight_load_per_mwg=8192 weight_load_wg_calls=180224
[MOE_4X8_STATS] weight=blk.1.ffn_down_exps.weight groups=126 expert_runs=64 groups_per_run=1.969 ne00=1408 ne01=2048 k_halves=88 m_wgs=32 dotx8_per_mwg=11088 dotx8_wg_calls=354816 dotx8_workitem_calls=22708224 weight_load_per_mwg=5632 weight_load_wg_calls=180224
[MOE_TILES] layout=4x8 routings=774 (ne20=6 ne21=129 nexp=64) total_tiles=31 ideal=25 slots=992 pad=28.2%
[MOE_4X8_STATS] weight=blk.2.ffn_gate_exps.weight groups=121 expert_runs=65 groups_per_run=1.862 ne00=2048 ne01=1408 k_halves=128 m_wgs=22 dotx8_per_mwg=15488 dotx8_wg_calls=340736 dotx8_workitem_calls=21807104 weight_load_per_mwg=8320 weight_load_wg_calls=183040
[MOE_4X8_STATS] weight=blk.2.ffn_up_exps.weight groups=121 expert_runs=65 groups_per_run=1.862 ne00=2048 ne01=1408 k_halves=128 m_wgs=22 dotx8_per_mwg=15488 dotx8_wg_calls=340736 dotx8_workitem_calls=21807104 weight_load_per_mwg=8320 weight_load_wg_calls=183040
[MOE_4X8_STATS] weight=blk.2.ffn_down_exps.weight groups=121 expert_runs=65 groups_per_run=1.862 ne00=1408 ne01=2048 k_halves=88 m_wgs=32 dotx8_per_mwg=10648 dotx8_wg_calls=340736 dotx8_workitem_calls=21807104 weight_load_per_mwg=5720 weight_load_wg_calls=183040
[MOE_TILES] layout=4x8 routings=774 (ne20=6 ne21=129 nexp=64) total_tiles=31 ideal=25 slots=992 pad=28.2%
[MOE_4X8_STATS] weight=blk.3.ffn_gate_exps.weight groups=124 expert_runs=64 groups_per_run=1.938 ne00=2048 ne01=1408 k_halves=128 m_wgs=22 dotx8_per_mwg=15872 dotx8_wg_calls=349184 dotx8_workitem_calls=22347776 weight_load_per_mwg=8192 weight_load_wg_calls=180224
[MOE_4X8_STATS] weight=blk.3.ffn_up_exps.weight groups=124 expert_runs=64 groups_per_run=1.938 ne00=2048 ne01=1408 k_halves=128 m_wgs=22 dotx8_per_mwg=15872 dotx8_wg_calls=349184 dotx8_workitem_calls=22347776 weight_load_per_mwg=8192 weight_load_wg_calls=180224
[MOE_4X8_STATS] weight=blk.3.ffn_down_exps.weight groups=124 expert_runs=64 groups_per_run=1.938 ne00=1408 ne01=2048 k_halves=88 m_wgs=32 dotx8_per_mwg=10912 dotx8_wg_calls=349184 dotx8_workitem_calls=22347776 weight_load_per_mwg=5632 weight_load_wg_calls=180224
[MOE_TILES] layout=4x8 routings=774 (ne20=6 ne21=129 nexp=64) total_tiles=31 ideal=25 slots=992 pad=28.2%
[MOE_4X8_STATS] weight=blk.4.ffn_gate_exps.weight groups=122 expert_runs=65 groups_per_run=1.877 ne00=2048 ne01=1408 k_halves=128 m_wgs=22 dotx8_per_mwg=15616 dotx8_wg_calls=343552 dotx8_workitem_calls=21987328 weight_load_per_mwg=8320 weight_load_wg_calls=183040
[MOE_4X8_STATS] weight=blk.4.ffn_up_exps.weight groups=122 expert_runs=65 groups_per_run=1.877 ne00=2048 ne01=1408 k_halves=128 m_wgs=22 dotx8_per_mwg=15616 dotx8_wg_calls=343552 dotx8_workitem_calls=21987328 weight_load_per_mwg=8320 weight_load_wg_calls=183040
[MOE_4X8_STATS] weight=blk.4.ffn_down_exps.weight groups=122 expert_runs=65 groups_per_run=1.877 ne00=1408 ne01=2048 k_halves=88 m_wgs=32 dotx8_per_mwg=10736 dotx8_wg_calls=343552 dotx8_workitem_calls=21987328 weight_load_per_mwg=5720 weight_load_wg_calls=183040
[MOE_TILES] layout=4x8 routings=774 (ne20=6 ne21=129 nexp=64) total_tiles=32 ideal=25 slots=1024 pad=32.3%
[MOE_4X8_STATS] weight=blk.5.ffn_gate_exps.weight groups=125 expert_runs=66 groups_per_run=1.894 ne00=2048 ne01=1408 k_halves=128 m_wgs=22 dotx8_per_mwg=16000 dotx8_wg_calls=352000 dotx8_workitem_calls=22528000 weight_load_per_mwg=8448 weight_load_wg_calls=185856
[MOE_4X8_STATS] weight=blk.5.ffn_up_exps.weight groups=125 expert_runs=66 groups_per_run=1.894 ne00=2048 ne01=1408 k_halves=128 m_wgs=22 dotx8_per_mwg=16000 dotx8_wg_calls=352000 dotx8_workitem_calls=22528000 weight_load_per_mwg=8448 weight_load_wg_calls=185856
[MOE_4X8_STATS] weight=blk.5.ffn_down_exps.weight groups=125 expert_runs=66 groups_per_run=1.894 ne00=1408 ne01=2048 k_halves=88 m_wgs=32 dotx8_per_mwg=11000 dotx8_wg_calls=352000 dotx8_workitem_calls=22528000 weight_load_per_mwg=5808 weight_load_wg_calls=185856
[MOE_TILES] layout=4x8 routings=774 (ne20=6 ne21=129 nexp=64) total_tiles=32 ideal=25 slots=1024 pad=32.3%
[MOE_4X8_STATS] weight=blk.6.ffn_gate_exps.weight groups=125 expert_runs=65 groups_per_run=1.923 ne00=2048 ne01=1408 k_halves=128 m_wgs=22 dotx8_per_mwg=16000 dotx8_wg_calls=352000 dotx8_workitem_calls=22528000 weight_load_per_mwg=8320 weight_load_wg_calls=183040
[MOE_4X8_STATS] weight=blk.6.ffn_up_exps.weight groups=125 expert_runs=65 groups_per_run=1.923 ne00=2048 ne01=1408 k_halves=128 m_wgs=22 dotx8_per_mwg=16000 dotx8_wg_calls=352000 dotx8_workitem_calls=22528000 weight_load_per_mwg=8320 weight_load_wg_calls=183040
[MOE_4X8_STATS] weight=blk.6.ffn_down_exps.weight groups=125 expert_runs=65 groups_per_run=1.923 ne00=1408 ne01=2048 k_halves=88 m_wgs=32 dotx8_per_mwg=11000 dotx8_wg_calls=352000 dotx8_workitem_calls=22528000 weight_load_per_mwg=5720 weight_load_wg_calls=183040
[MOE_TILES] layout=4x8 routings=774 (ne20=6 ne21=129 nexp=64) total_tiles=32 ideal=25 slots=1024 pad=32.3%
[MOE_4X8_STATS] weight=blk.7.ffn_gate_exps.weight groups=125 expert_runs=60 groups_per_run=2.083 ne00=2048 ne01=1408 k_halves=128 m_wgs=22 dotx8_per_mwg=16000 dotx8_wg_calls=352000 dotx8_workitem_calls=22528000 weight_load_per_mwg=7680 weight_load_wg_calls=168960
[MOE_4X8_STATS] weight=blk.7.ffn_up_exps.weight groups=125 expert_runs=60 groups_per_run=2.083 ne00=2048 ne01=1408 k_halves=128 m_wgs=22 dotx8_per_mwg=16000 dotx8_wg_calls=352000 dotx8_workitem_calls=22528000 weight_load_per_mwg=7680 weight_load_wg_calls=168960
[MOE_4X8_STATS] weight=blk.7.ffn_down_exps.weight groups=125 expert_runs=60 groups_per_run=2.083 ne00=1408 ne01=2048 k_halves=88 m_wgs=32 dotx8_per_mwg=11000 dotx8_wg_calls=352000 dotx8_workitem_calls=22528000 weight_load_per_mwg=5280 weight_load_wg_calls=168960
[MOE_TILES] layout=4x8 routings=774 (ne20=6 ne21=129 nexp=64) total_tiles=32 ideal=25 slots=1024 pad=32.3%
[MOE_4X8_STATS] weight=blk.8.ffn_gate_exps.weight groups=127 expert_runs=60 groups_per_run=2.117 ne00=2048 ne01=1408 k_halves=128 m_wgs=22 dotx8_per_mwg=16256 dotx8_wg_calls=357632 dotx8_workitem_calls=22888448 weight_load_per_mwg=7680 weight_load_wg_calls=168960
[MOE_4X8_STATS] weight=blk.8.ffn_up_exps.weight groups=127 expert_runs=60 groups_per_run=2.117 ne00=2048 ne01=1408 k_halves=128 m_wgs=22 dotx8_per_mwg=16256 dotx8_wg_calls=357632 dotx8_workitem_calls=22888448 weight_load_per_mwg=7680 weight_load_wg_calls=168960
[MOE_4X8_STATS] weight=blk.8.ffn_down_exps.weight groups=127 expert_runs=60 groups_per_run=2.117 ne00=1408 ne01=2048 k_halves=88 m_wgs=32 dotx8_per_mwg=11176 dotx8_wg_calls=357632 dotx8_workitem_calls=22888448 weight_load_per_mwg=5280 weight_load_wg_calls=168960
[MOE_TILES] layout=4x8 routings=774 (ne20=6 ne21=129 nexp=64) total_tiles=31 ideal=25 slots=992 pad=28.2%
[MOE_4X8_STATS] weight=blk.9.ffn_gate_exps.weight groups=122 expert_runs=60 groups_per_run=2.033 ne00=2048 ne01=1408 k_halves=128 m_wgs=22 dotx8_per_mwg=15616 dotx8_wg_calls=343552 dotx8_workitem_calls=21987328 weight_load_per_mwg=7680 weight_load_wg_calls=168960
[MOE_4X8_STATS] weight=blk.9.ffn_up_exps.weight groups=122 expert_runs=60 groups_per_run=2.033 ne00=2048 ne01=1408 k_halves=128 m_wgs=22 dotx8_per_mwg=15616 dotx8_wg_calls=343552 dotx8_workitem_calls=21987328 weight_load_per_mwg=7680 weight_load_wg_calls=168960
[MOE_4X8_STATS] weight=blk.9.ffn_down_exps.weight groups=122 expert_runs=60 groups_per_run=2.033 ne00=1408 ne01=2048 k_halves=88 m_wgs=32 dotx8_per_mwg=10736 dotx8_wg_calls=343552 dotx8_workitem_calls=21987328 weight_load_per_mwg=5280 weight_load_wg_calls=168960
[MOE_TILES] layout=4x8 routings=774 (ne20=6 ne21=129 nexp=64) total_tiles=32 ideal=25 slots=1024 pad=32.3%
[MOE_4X8_STATS] weight=blk.10.ffn_gate_exps.weight groups=125 expert_runs=63 groups_per_run=1.984 ne00=2048 ne01=1408 k_halves=128 m_wgs=22 dotx8_per_mwg=16000 dotx8_wg_calls=352000 dotx8_workitem_calls=22528000 weight_load_per_mwg=8064 weight_load_wg_calls=177408
[MOE_4X8_STATS] weight=blk.10.ffn_up_exps.weight groups=125 expert_runs=63 groups_per_run=1.984 ne00=2048 ne01=1408 k_halves=128 m_wgs=22 dotx8_per_mwg=16000 dotx8_wg_calls=352000 dotx8_workitem_calls=22528000 weight_load_per_mwg=8064 weight_load_wg_calls=177408
[MOE_4X8_STATS] weight=blk.10.ffn_down_exps.weight groups=125 expert_runs=63 groups_per_run=1.984 ne00=1408 ne01=2048 k_halves=88 m_wgs=32 dotx8_per_mwg=11000 dotx8_wg_calls=352000 dotx8_workitem_calls=22528000 weight_load_per_mwg=5544 weight_load_wg_calls=177408
[MOE_TILES] layout=4x8 routings=774 (ne20=6 ne21=129 nexp=64) total_tiles=31 ideal=25 slots=992 pad=28.2%
[MOE_4X8_STATS] weight=blk.11.ffn_gate_exps.weight groups=121 expert_runs=61 groups_per_run=1.984 ne00=2048 ne01=1408 k_halves=128 m_wgs=22 dotx8_per_mwg=15488 dotx8_wg_calls=340736 dotx8_workitem_calls=21807104 weight_load_per_mwg=7808 weight_load_wg_calls=171776
[MOE_4X8_STATS] weight=blk.11.ffn_up_exps.weight groups=121 expert_runs=61 groups_per_run=1.984 ne00=2048 ne01=1408 k_halves=128 m_wgs=22 dotx8_per_mwg=15488 dotx8_wg_calls=340736 dotx8_workitem_calls=21807104 weight_load_per_mwg=7808 weight_load_wg_calls=171776
[MOE_4X8_STATS] weight=blk.11.ffn_down_exps.weight groups=121 expert_runs=61 groups_per_run=1.984 ne00=1408 ne01=2048 k_halves=88 m_wgs=32 dotx8_per_mwg=10648 dotx8_wg_calls=340736 dotx8_workitem_calls=21807104 weight_load_per_mwg=5368 weight_load_wg_calls=171776
[MOE_TILES] layout=4x8 routings=774 (ne20=6 ne21=129 nexp=64) total_tiles=31 ideal=25 slots=992 pad=28.2%
[MOE_4X8_STATS] weight=blk.12.ffn_gate_exps.weight groups=123 expert_runs=65 groups_per_run=1.892 ne00=2048 ne01=1408 k_halves=128 m_wgs=22 dotx8_per_mwg=15744 dotx8_wg_calls=346368 dotx8_workitem_calls=22167552 weight_load_per_mwg=8320 weight_load_wg_calls=183040
[MOE_4X8_STATS] weight=blk.12.ffn_up_exps.weight groups=123 expert_runs=65 groups_per_run=1.892 ne00=2048 ne01=1408 k_halves=128 m_wgs=22 dotx8_per_mwg=15744 dotx8_wg_calls=346368 dotx8_workitem_calls=22167552 weight_load_per_mwg=8320 weight_load_wg_calls=183040
[MOE_4X8_STATS] weight=blk.12.ffn_down_exps.weight groups=123 expert_runs=65 groups_per_run=1.892 ne00=1408 ne01=2048 k_halves=88 m_wgs=32 dotx8_per_mwg=10824 dotx8_wg_calls=346368 dotx8_workitem_calls=22167552 weight_load_per_mwg=5720 weight_load_wg_calls=183040
[MOE_TILES] layout=4x8 routings=774 (ne20=6 ne21=129 nexp=64) total_tiles=32 ideal=25 slots=1024 pad=32.3%
[MOE_4X8_STATS] weight=blk.13.ffn_gate_exps.weight groups=127 expert_runs=65 groups_per_run=1.954 ne00=2048 ne01=1408 k_halves=128 m_wgs=22 dotx8_per_mwg=16256 dotx8_wg_calls=357632 dotx8_workitem_calls=22888448 weight_load_per_mwg=8320 weight_load_wg_calls=183040
[MOE_4X8_STATS] weight=blk.13.ffn_up_exps.weight groups=127 expert_runs=65 groups_per_run=1.954 ne00=2048 ne01=1408 k_halves=128 m_wgs=22 dotx8_per_mwg=16256 dotx8_wg_calls=357632 dotx8_workitem_calls=22888448 weight_load_per_mwg=8320 weight_load_wg_calls=183040
[MOE_4X8_STATS] weight=blk.13.ffn_down_exps.weight groups=127 expert_runs=65 groups_per_run=1.954 ne00=1408 ne01=2048 k_halves=88 m_wgs=32 dotx8_per_mwg=11176 dotx8_wg_calls=357632 dotx8_workitem_calls=22888448 weight_load_per_mwg=5720 weight_load_wg_calls=183040
[MOE_TILES] layout=4x8 routings=774 (ne20=6 ne21=129 nexp=64) total_tiles=31 ideal=25 slots=992 pad=28.2%
[MOE_4X8_STATS] weight=blk.14.ffn_gate_exps.weight groups=124 expert_runs=62 groups_per_run=2.000 ne00=2048 ne01=1408 k_halves=128 m_wgs=22 dotx8_per_mwg=15872 dotx8_wg_calls=349184 dotx8_workitem_calls=22347776 weight_load_per_mwg=7936 weight_load_wg_calls=174592
[MOE_4X8_STATS] weight=blk.14.ffn_up_exps.weight groups=124 expert_runs=62 groups_per_run=2.000 ne00=2048 ne01=1408 k_halves=128 m_wgs=22 dotx8_per_mwg=15872 dotx8_wg_calls=349184 dotx8_workitem_calls=22347776 weight_load_per_mwg=7936 weight_load_wg_calls=174592
[MOE_4X8_STATS] weight=blk.14.ffn_down_exps.weight groups=124 expert_runs=62 groups_per_run=2.000 ne00=1408 ne01=2048 k_halves=88 m_wgs=32 dotx8_per_mwg=10912 dotx8_wg_calls=349184 dotx8_workitem_calls=22347776 weight_load_per_mwg=5456 weight_load_wg_calls=174592
[MOE_TILES] layout=4x8 routings=774 (ne20=6 ne21=129 nexp=64) total_tiles=30 ideal=25 slots=960 pad=24.0%
[MOE_4X8_STATS] weight=blk.15.ffn_gate_exps.weight groups=120 expert_runs=60 groups_per_run=2.000 ne00=2048 ne01=1408 k_halves=128 m_wgs=22 dotx8_per_mwg=15360 dotx8_wg_calls=337920 dotx8_workitem_calls=21626880 weight_load_per_mwg=7680 weight_load_wg_calls=168960
[MOE_4X8_STATS] weight=blk.15.ffn_up_exps.weight groups=120 expert_runs=60 groups_per_run=2.000 ne00=2048 ne01=1408 k_halves=128 m_wgs=22 dotx8_per_mwg=15360 dotx8_wg_calls=337920 dotx8_workitem_calls=21626880 weight_load_per_mwg=7680 weight_load_wg_calls=168960
[MOE_4X8_STATS] weight=blk.15.ffn_down_exps.weight groups=120 expert_runs=60 groups_per_run=2.000 ne00=1408 ne01=2048 k_halves=88 m_wgs=32 dotx8_per_mwg=10560 dotx8_wg_calls=337920 dotx8_workitem_calls=21626880 weight_load_per_mwg=5280 weight_load_wg_calls=168960
[MOE_TILES] layout=4x8 routings=774 (ne20=6 ne21=129 nexp=64) total_tiles=31 ideal=25 slots=992 pad=28.2%
[MOE_4X8_STATS] weight=blk.16.ffn_gate_exps.weight groups=123 expert_runs=68 groups_per_run=1.809 ne00=2048 ne01=1408 k_halves=128 m_wgs=22 dotx8_per_mwg=15744 dotx8_wg_calls=346368 dotx8_workitem_calls=22167552 weight_load_per_mwg=8704 weight_load_wg_calls=191488
[MOE_4X8_STATS] weight=blk.16.ffn_up_exps.weight groups=123 expert_runs=68 groups_per_run=1.809 ne00=2048 ne01=1408 k_halves=128 m_wgs=22 dotx8_per_mwg=15744 dotx8_wg_calls=346368 dotx8_workitem_calls=22167552 weight_load_per_mwg=8704 weight_load_wg_calls=191488
[MOE_4X8_STATS] weight=blk.16.ffn_down_exps.weight groups=123 expert_runs=68 groups_per_run=1.809 ne00=1408 ne01=2048 k_halves=88 m_wgs=32 dotx8_per_mwg=10824 dotx8_wg_calls=346368 dotx8_workitem_calls=22167552 weight_load_per_mwg=5984 weight_load_wg_calls=191488
[MOE_TILES] layout=4x8 routings=774 (ne20=6 ne21=129 nexp=64) total_tiles=31 ideal=25 slots=992 pad=28.2%
[MOE_4X8_STATS] weight=blk.17.ffn_gate_exps.weight groups=124 expert_runs=62 groups_per_run=2.000 ne00=2048 ne01=1408 k_halves=128 m_wgs=22 dotx8_per_mwg=15872 dotx8_wg_calls=349184 dotx8_workitem_calls=22347776 weight_load_per_mwg=7936 weight_load_wg_calls=174592
[MOE_4X8_STATS] weight=blk.17.ffn_up_exps.weight groups=124 expert_runs=62 groups_per_run=2.000 ne00=2048 ne01=1408 k_halves=128 m_wgs=22 dotx8_per_mwg=15872 dotx8_wg_calls=349184 dotx8_workitem_calls=22347776 weight_load_per_mwg=7936 weight_load_wg_calls=174592
[MOE_4X8_STATS] weight=blk.17.ffn_down_exps.weight groups=124 expert_runs=62 groups_per_run=2.000 ne00=1408 ne01=2048 k_halves=88 m_wgs=32 dotx8_per_mwg=10912 dotx8_wg_calls=349184 dotx8_workitem_calls=22347776 weight_load_per_mwg=5456 weight_load_wg_calls=174592
[MOE_TILES] layout=4x8 routings=774 (ne20=6 ne21=129 nexp=64) total_tiles=30 ideal=25 slots=960 pad=24.0%
[MOE_4X8_STATS] weight=blk.18.ffn_gate_exps.weight groups=120 expert_runs=62 groups_per_run=1.935 ne00=2048 ne01=1408 k_halves=128 m_wgs=22 dotx8_per_mwg=15360 dotx8_wg_calls=337920 dotx8_workitem_calls=21626880 weight_load_per_mwg=7936 weight_load_wg_calls=174592
[MOE_4X8_STATS] weight=blk.18.ffn_up_exps.weight groups=120 expert_runs=62 groups_per_run=1.935 ne00=2048 ne01=1408 k_halves=128 m_wgs=22 dotx8_per_mwg=15360 dotx8_wg_calls=337920 dotx8_workitem_calls=21626880 weight_load_per_mwg=7936 weight_load_wg_calls=174592
[MOE_4X8_STATS] weight=blk.18.ffn_down_exps.weight groups=120 expert_runs=62 groups_per_run=1.935 ne00=1408 ne01=2048 k_halves=88 m_wgs=32 dotx8_per_mwg=10560 dotx8_wg_calls=337920 dotx8_workitem_calls=21626880 weight_load_per_mwg=5456 weight_load_wg_calls=174592
[MOE_TILES] layout=4x8 routings=774 (ne20=6 ne21=129 nexp=64) total_tiles=32 ideal=25 slots=1024 pad=32.3%
[MOE_4X8_STATS] weight=blk.19.ffn_gate_exps.weight groups=125 expert_runs=64 groups_per_run=1.953 ne00=2048 ne01=1408 k_halves=128 m_wgs=22 dotx8_per_mwg=16000 dotx8_wg_calls=352000 dotx8_workitem_calls=22528000 weight_load_per_mwg=8192 weight_load_wg_calls=180224
[MOE_4X8_STATS] weight=blk.19.ffn_up_exps.weight groups=125 expert_runs=64 groups_per_run=1.953 ne00=2048 ne01=1408 k_halves=128 m_wgs=22 dotx8_per_mwg=16000 dotx8_wg_calls=352000 dotx8_workitem_calls=22528000 weight_load_per_mwg=8192 weight_load_wg_calls=180224
[MOE_4X8_STATS] weight=blk.19.ffn_down_exps.weight groups=125 expert_runs=64 groups_per_run=1.953 ne00=1408 ne01=2048 k_halves=88 m_wgs=32 dotx8_per_mwg=11000 dotx8_wg_calls=352000 dotx8_workitem_calls=22528000 weight_load_per_mwg=5632 weight_load_wg_calls=180224
[MOE_TILES] layout=4x8 routings=774 (ne20=6 ne21=129 nexp=64) total_tiles=31 ideal=25 slots=992 pad=28.2%
[MOE_4X8_STATS] weight=blk.20.ffn_gate_exps.weight groups=123 expert_runs=63 groups_per_run=1.952 ne00=2048 ne01=1408 k_halves=128 m_wgs=22 dotx8_per_mwg=15744 dotx8_wg_calls=346368 dotx8_workitem_calls=22167552 weight_load_per_mwg=8064 weight_load_wg_calls=177408
[MOE_4X8_STATS] weight=blk.20.ffn_up_exps.weight groups=123 expert_runs=63 groups_per_run=1.952 ne00=2048 ne01=1408 k_halves=128 m_wgs=22 dotx8_per_mwg=15744 dotx8_wg_calls=346368 dotx8_workitem_calls=22167552 weight_load_per_mwg=8064 weight_load_wg_calls=177408
[MOE_4X8_STATS] weight=blk.20.ffn_down_exps.weight groups=123 expert_runs=63 groups_per_run=1.952 ne00=1408 ne01=2048 k_halves=88 m_wgs=32 dotx8_per_mwg=10824 dotx8_wg_calls=346368 dotx8_workitem_calls=22167552 weight_load_per_mwg=5544 weight_load_wg_calls=177408
[MOE_TILES] layout=4x8 routings=774 (ne20=6 ne21=129 nexp=64) total_tiles=32 ideal=25 slots=1024 pad=32.3%
[MOE_4X8_STATS] weight=blk.21.ffn_gate_exps.weight groups=125 expert_runs=65 groups_per_run=1.923 ne00=2048 ne01=1408 k_halves=128 m_wgs=22 dotx8_per_mwg=16000 dotx8_wg_calls=352000 dotx8_workitem_calls=22528000 weight_load_per_mwg=8320 weight_load_wg_calls=183040
[MOE_4X8_STATS] weight=blk.21.ffn_up_exps.weight groups=125 expert_runs=65 groups_per_run=1.923 ne00=2048 ne01=1408 k_halves=128 m_wgs=22 dotx8_per_mwg=16000 dotx8_wg_calls=352000 dotx8_workitem_calls=22528000 weight_load_per_mwg=8320 weight_load_wg_calls=183040
[MOE_4X8_STATS] weight=blk.21.ffn_down_exps.weight groups=125 expert_runs=65 groups_per_run=1.923 ne00=1408 ne01=2048 k_halves=88 m_wgs=32 dotx8_per_mwg=11000 dotx8_wg_calls=352000 dotx8_workitem_calls=22528000 weight_load_per_mwg=5720 weight_load_wg_calls=183040
[MOE_TILES] layout=4x8 routings=774 (ne20=6 ne21=129 nexp=64) total_tiles=32 ideal=25 slots=1024 pad=32.3%
[MOE_4X8_STATS] weight=blk.22.ffn_gate_exps.weight groups=125 expert_runs=60 groups_per_run=2.083 ne00=2048 ne01=1408 k_halves=128 m_wgs=22 dotx8_per_mwg=16000 dotx8_wg_calls=352000 dotx8_workitem_calls=22528000 weight_load_per_mwg=7680 weight_load_wg_calls=168960
[MOE_4X8_STATS] weight=blk.22.ffn_up_exps.weight groups=125 expert_runs=60 groups_per_run=2.083 ne00=2048 ne01=1408 k_halves=128 m_wgs=22 dotx8_per_mwg=16000 dotx8_wg_calls=352000 dotx8_workitem_calls=22528000 weight_load_per_mwg=7680 weight_load_wg_calls=168960
[MOE_4X8_STATS] weight=blk.22.ffn_down_exps.weight groups=125 expert_runs=60 groups_per_run=2.083 ne00=1408 ne01=2048 k_halves=88 m_wgs=32 dotx8_per_mwg=11000 dotx8_wg_calls=352000 dotx8_workitem_calls=22528000 weight_load_per_mwg=5280 weight_load_wg_calls=168960
[MOE_TILES] layout=4x8 routings=774 (ne20=6 ne21=129 nexp=64) total_tiles=32 ideal=25 slots=1024 pad=32.3%
[MOE_4X8_STATS] weight=blk.23.ffn_gate_exps.weight groups=125 expert_runs=61 groups_per_run=2.049 ne00=2048 ne01=1408 k_halves=128 m_wgs=22 dotx8_per_mwg=16000 dotx8_wg_calls=352000 dotx8_workitem_calls=22528000 weight_load_per_mwg=7808 weight_load_wg_calls=171776
[MOE_4X8_STATS] weight=blk.23.ffn_up_exps.weight groups=125 expert_runs=61 groups_per_run=2.049 ne00=2048 ne01=1408 k_halves=128 m_wgs=22 dotx8_per_mwg=16000 dotx8_wg_calls=352000 dotx8_workitem_calls=22528000 weight_load_per_mwg=7808 weight_load_wg_calls=171776
[MOE_4X8_STATS] weight=blk.23.ffn_down_exps.weight groups=125 expert_runs=61 groups_per_run=2.049 ne00=1408 ne01=2048 k_halves=88 m_wgs=32 dotx8_per_mwg=11000 dotx8_wg_calls=352000 dotx8_workitem_calls=22528000 weight_load_per_mwg=5368 weight_load_wg_calls=171776
[MOE_TILES] layout=4x8 routings=774 (ne20=6 ne21=129 nexp=64) total_tiles=31 ideal=25 slots=992 pad=28.2%
[MOE_4X8_STATS] weight=blk.24.ffn_gate_exps.weight groups=123 expert_runs=64 groups_per_run=1.922 ne00=2048 ne01=1408 k_halves=128 m_wgs=22 dotx8_per_mwg=15744 dotx8_wg_calls=346368 dotx8_workitem_calls=22167552 weight_load_per_mwg=8192 weight_load_wg_calls=180224
[MOE_4X8_STATS] weight=blk.24.ffn_up_exps.weight groups=123 expert_runs=64 groups_per_run=1.922 ne00=2048 ne01=1408 k_halves=128 m_wgs=22 dotx8_per_mwg=15744 dotx8_wg_calls=346368 dotx8_workitem_calls=22167552 weight_load_per_mwg=8192 weight_load_wg_calls=180224
[MOE_4X8_STATS] weight=blk.24.ffn_down_exps.weight groups=123 expert_runs=64 groups_per_run=1.922 ne00=1408 ne01=2048 k_halves=88 m_wgs=32 dotx8_per_mwg=10824 dotx8_wg_calls=346368 dotx8_workitem_calls=22167552 weight_load_per_mwg=5632 weight_load_wg_calls=180224
[MOE_TILES] layout=4x8 routings=774 (ne20=6 ne21=129 nexp=64) total_tiles=32 ideal=25 slots=1024 pad=32.3%
[MOE_4X8_STATS] weight=blk.25.ffn_gate_exps.weight groups=127 expert_runs=68 groups_per_run=1.868 ne00=2048 ne01=1408 k_halves=128 m_wgs=22 dotx8_per_mwg=16256 dotx8_wg_calls=357632 dotx8_workitem_calls=22888448 weight_load_per_mwg=8704 weight_load_wg_calls=191488
[MOE_4X8_STATS] weight=blk.25.ffn_up_exps.weight groups=127 expert_runs=68 groups_per_run=1.868 ne00=2048 ne01=1408 k_halves=128 m_wgs=22 dotx8_per_mwg=16256 dotx8_wg_calls=357632 dotx8_workitem_calls=22888448 weight_load_per_mwg=8704 weight_load_wg_calls=191488
[MOE_4X8_STATS] weight=blk.25.ffn_down_exps.weight groups=127 expert_runs=68 groups_per_run=1.868 ne00=1408 ne01=2048 k_halves=88 m_wgs=32 dotx8_per_mwg=11176 dotx8_wg_calls=357632 dotx8_workitem_calls=22888448 weight_load_per_mwg=5984 weight_load_wg_calls=191488
